Component: ARM Compiler 5.06 update 7 (build 960) Tool: armlink [4d3601]

==============================================================================

Section Cross References

    startup_stm32f429xx.o(RESET) refers to startup_stm32f429xx.o(STACK) for __initial_sp
    startup_stm32f429xx.o(RESET) refers to startup_stm32f429xx.o(.text) for Reset_Handler
    startup_stm32f429xx.o(RESET) refers to stm32f4xx_it.o(i.NMI_Handler) for NMI_Handler
    startup_stm32f429xx.o(RESET) refers to stm32f4xx_it.o(i.HardFault_Handler) for HardFault_Handler
    startup_stm32f429xx.o(RESET) refers to stm32f4xx_it.o(i.MemManage_Handler) for MemManage_Handler
    startup_stm32f429xx.o(RESET) refers to stm32f4xx_it.o(i.BusFault_Handler) for BusFault_Handler
    startup_stm32f429xx.o(RESET) refers to stm32f4xx_it.o(i.UsageFault_Handler) for UsageFault_Handler
    startup_stm32f429xx.o(RESET) refers to stm32f4xx_it.o(i.SVC_Handler) for SVC_Handler
    startup_stm32f429xx.o(RESET) refers to stm32f4xx_it.o(i.DebugMon_Handler) for DebugMon_Handler
    startup_stm32f429xx.o(RESET) refers to stm32f4xx_it.o(i.PendSV_Handler) for PendSV_Handler
    startup_stm32f429xx.o(RESET) refers to stm32f4xx_it.o(i.SysTick_Handler) for SysTick_Handler
    startup_stm32f429xx.o(RESET) refers to stm32f4xx_it.o(i.TIM6_DAC_IRQHandler) for TIM6_DAC_IRQHandler
    startup_stm32f429xx.o(RESET) refers to stm32f4xx_it.o(i.DMA2_Stream1_IRQHandler) for DMA2_Stream1_IRQHandler
    startup_stm32f429xx.o(RESET) refers to stm32f4xx_it.o(i.DCMI_IRQHandler) for DCMI_IRQHandler
    startup_stm32f429xx.o(.text) refers to system_stm32f4xx.o(i.SystemInit) for SystemInit
    startup_stm32f429xx.o(.text) refers to entry.o(.ARM.Collect$$$$00000000) for __main
    main.o(i.SystemClock_Config) refers to memseta.o(.text) for __aeabi_memclr4
    main.o(i.SystemClock_Config) refers to stm32f4xx_hal_rcc.o(i.HAL_RCC_OscConfig) for HAL_RCC_OscConfig
    main.o(i.SystemClock_Config) refers to stm32f4xx_hal_pwr_ex.o(i.HAL_PWREx_EnableOverDrive) for HAL_PWREx_EnableOverDrive
    main.o(i.SystemClock_Config) refers to stm32f4xx_hal_rcc.o(i.HAL_RCC_ClockConfig) for HAL_RCC_ClockConfig
    main.o(i.main) refers to memseta.o(.text) for __aeabi_memclr4
    main.o(i.main) refers to stm32f4xx_hal.o(i.HAL_Init) for HAL_Init
    main.o(i.main) refers to main.o(i.SystemClock_Config) for SystemClock_Config
    main.o(i.main) refers to gpio.o(i.MX_GPIO_Init) for MX_GPIO_Init
    main.o(i.main) refers to dma.o(i.MX_DMA_Init) for MX_DMA_Init
    main.o(i.main) refers to dcmi.o(i.MX_DCMI_Init) for MX_DCMI_Init
    main.o(i.main) refers to usart.o(i.MX_USART1_UART_Init) for MX_USART1_UART_Init
    main.o(i.main) refers to fmc.o(i.MX_FMC_Init) for MX_FMC_Init
    main.o(i.main) refers to adc.o(i.MX_ADC1_Init) for MX_ADC1_Init
    main.o(i.main) refers to tim.o(i.MX_TIM6_Init) for MX_TIM6_Init
    main.o(i.main) refers to adc.o(i.MX_ADC2_Init) for MX_ADC2_Init
    main.o(i.main) refers to delay.o(i.delay_init) for delay_init
    main.o(i.main) refers to printf8.o(i.__0printf$8) for __2printf
    main.o(i.main) refers to w5300_config.o(i.w5300_init) for w5300_init
    main.o(i.main) refers to w5300_aliyun.o(i.aliyun_init) for aliyun_init
    main.o(i.main) refers to eth_video.o(i.eth_video_init) for eth_video_init
    main.o(i.main) refers to lcd.o(i.LCD_Init) for LCD_Init
    main.o(i.main) refers to sgp30.o(i.SGP30_Init) for SGP30_Init
    main.o(i.main) refers to dht11.o(i.dht11_init) for dht11_init
    main.o(i.main) refers to lcd.o(i.LCD_Clear) for LCD_Clear
    main.o(i.main) refers to lcd.o(i.LCD_ShowString) for LCD_ShowString
    main.o(i.main) refers to sgp30.o(i.SGP30_Write) for SGP30_Write
    main.o(i.main) refers to sgp30.o(i.SGP30_Read) for SGP30_Read
    main.o(i.main) refers to stm32f4xx_hal.o(i.HAL_Delay) for HAL_Delay
    main.o(i.main) refers to w5300_aliyun.o(i.do_aliyun_run) for do_aliyun_run
    main.o(i.main) refers to eth_video.o(i.eth_video_run) for eth_video_run
    main.o(i.main) refers to gp2y10.o(i.get_gp2y10_value) for get_gp2y10_value
    main.o(i.main) refers to light_check.o(i.get_light_value) for get_light_value
    main.o(i.main) refers to dht11.o(i.dht11_read_data) for dht11_read_data
    main.o(i.main) refers to stm32f4xx_hal_gpio.o(i.HAL_GPIO_WritePin) for HAL_GPIO_WritePin
    main.o(i.main) refers to printf8.o(i.__0sprintf$8) for __2sprintf
    main.o(i.main) refers to eth_video.o(i.get_video_rgb565) for get_video_rgb565
    main.o(i.main) refers to lcd.o(i.LCD_ShowImage) for LCD_ShowImage
    main.o(i.main) refers to w5300_aliyun.o(i.aliyun_publish) for aliyun_publish
    main.o(i.main) refers to lcd.o(.data) for POINT_COLOR
    main.o(i.main) refers to main.o(.data) for .data
    main.o(i.main) refers to main.o(.conststring) for .conststring
    main.o(i.main_timer) refers to main.o(.data) for .data
    gpio.o(i.MX_GPIO_Init) refers to memseta.o(.text) for __aeabi_memclr4
[...]
    _printf_lli                              0x00000000   Number         0  stubs.o ABSOLUTE
    _printf_llo                              0x00000000   Number         0  stubs.o ABSOLUTE
    _printf_llu                              0x00000000   Number         0  stubs.o ABSOLUTE
    _printf_llx                              0x00000000   Number         0  stubs.o ABSOLUTE
    _printf_longlong_dec                     0x00000000   Number         0  stubs.o ABSOLUTE
    _printf_longlong_hex                     0x00000000   Number         0  stubs.o ABSOLUTE
    _printf_longlong_oct                     0x00000000   Number         0  stubs.o ABSOLUTE
    _printf_ls                               0x00000000   Number         0  stubs.o ABSOLUTE
    _printf_mbtowc                           0x00000000   Number         0  stubs.o ABSOLUTE
    _printf_n                                0x00000000   Number         0  stubs.o ABSOLUTE
    _printf_o                                0x00000000   Number         0  stubs.o ABSOLUTE
    _printf_p                                0x00000000   Number         0  stubs.o ABSOLUTE
    _printf_percent                          0x00000000   Number         0  stubs.o ABSOLUTE
    _printf_pre_padding                      0x00000000   Number         0  stubs.o ABSOLUTE
    _printf_return_value                     0x00000000   Number         0  stubs.o ABSOLUTE
    _printf_s                                0x00000000   Number         0  stubs.o ABSOLUTE
    _printf_sizespec                         0x00000000   Number         0  stubs.o ABSOLUTE
    _printf_str                              0x00000000   Number         0  stubs.o ABSOLUTE
    _printf_truncate_signed                  0x00000000   Number         0  stubs.o ABSOLUTE
    _printf_truncate_unsigned                0x00000000   Number         0  stubs.o ABSOLUTE
    _printf_u                                0x00000000   Number         0  stubs.o ABSOLUTE
    _printf_wc                               0x00000000   Number         0  stubs.o ABSOLUTE
    _printf_wctomb                           0x00000000   Number         0  stubs.o ABSOLUTE
    _printf_widthprec                        0x00000000   Number         0  stubs.o ABSOLUTE
    _printf_x                                0x00000000   Number         0  stubs.o ABSOLUTE
    __arm_fini_                               - Undefined Weak Reference
    __cpp_initialize__aeabi_                  - Undefined Weak Reference
    __cxa_finalize                            - Undefined Weak Reference
    __decompress                              - Undefined Weak Reference
    _clock_init                               - Undefined Weak Reference
    _microlib_exit                            - Undefined Weak Reference
    __Vectors_Size                           0x000001ac   Number         0  startup_stm32f429xx.o ABSOLUTE
    __Vectors                                0x08000000   Data           4  startup_stm32f429xx.o(RESET)
    __Vectors_End                            0x080001ac   Data           0  startup_stm32f429xx.o(RESET)
    __main                                   0x080001ad   Thumb Code     0  entry.o(.ARM.Collect$$$$00000000)
    _main_stk                                0x080001ad   Thumb Code     0  entry2.o(.ARM.Collect$$$$00000001)
    _main_scatterload                        0x080001b1   Thumb Code     0  entry5.o(.ARM.Collect$$$$00000004)
    __main_after_scatterload                 0x080001b5   Thumb Code     0  entry5.o(.ARM.Collect$$$$00000004)
    _main_clock                              0x080001b5   Thumb Code     0  entry7b.o(.ARM.Collect$$$$00000008)
    _main_cpp_init                           0x080001b5   Thumb Code     0  entry8b.o(.ARM.Collect$$$$0000000A)
    _main_init                               0x080001b5   Thumb Code     0  entry9a.o(.ARM.Collect$$$$0000000B)
    __rt_lib_shutdown_fini                   0x080001bd   Thumb Code     0  entry12b.o(.ARM.Collect$$$$0000000E)
    __rt_final_cpp                           0x080001c1   Thumb Code     0  entry10a.o(.ARM.Collect$$$$0000000F)
    __rt_final_exit                          0x080001c1   Thumb Code     0  entry11a.o(.ARM.Collect$$$$00000011)
    Reset_Handler                            0x080001c5   Thumb Code     8  startup_stm32f429xx.o(.text)
    ADC_IRQHandler                           0x080001df   Thumb Code     0  startup_stm32f429xx.o(.text)
    CAN1_RX0_IRQHandler                      0x080001df   Thumb Code     0  startup_stm32f429xx.o(.text)
    CAN1_RX1_IRQHandler                      0x080001df   Thumb Code     0  startup_stm32f429xx.o(.text)
    CAN1_SCE_IRQHandler                      0x080001df   Thumb Code     0  startup_stm32f429xx.o(.text)
    CAN1_TX_IRQHandler                       0x080001df   Thumb Code     0  startup_stm32f429xx.o(.text)
    CAN2_RX0_IRQHandler                      0x080001df   Thumb Code     0  startup_stm32f429xx.o(.text)
    CAN2_RX1_IRQHandler                      0x080001df   Thumb Code     0  startup_stm32f429xx.o(.text)
    CAN2_SCE_IRQHandler                      0x080001df   Thumb Code     0  startup_stm32f429xx.o(.text)
    CAN2_TX_IRQHandler                       0x080001df   Thumb Code     0  startup_stm32f429xx.o(.text)
    DMA1_Stream0_IRQHandler                  0x080001df   Thumb Code     0  startup_stm32f429xx.o(.text)
    DMA1_Stream1_IRQHandler                  0x080001df   Thumb Code     0  startup_stm32f429xx.o(.text)
    DMA1_Stream2_IRQHandler                  0x080001df   Thumb Code     0  startup_stm32f429xx.o(.text)
    DMA1_Stream3_IRQHandler                  0x080001df   Thumb Code     0  startup_stm32f429xx.o(.text)
    DMA1_Stream4_IRQHandler                  0x080001df   Thumb Code     0  startup_stm32f429xx.o(.text)
    DMA1_Stream5_IRQHandler                  0x080001df   Thumb Code     0  startup_stm32f429xx.o(.text)
    DMA1_Stream6_IRQHandler                  0x080001df   Thumb Code     0  startup_stm32f429xx.o(.text)
    DMA1_Stream7_IRQHandler                  0x080001df   Thumb Code     0  startup_stm32f429xx.o(.text)
    DMA2D_IRQHandler                         0x080001df   Thumb Code     0  startup_stm32f429xx.o(.text)
    DMA2_Stream0_IRQHandler                  0x080001df   Thumb Code     0  startup_stm32f429xx.o(.text)
    DMA2_Stream2_IRQHandler                  0x080001df   Thumb Code     0  startup_stm32f429xx.o(.text)
    DMA2_Stream3_IRQHandler                  0x080001df   Thumb Code     0  startup_stm32f429xx.o(.text)
    DMA2_Stream4_IRQHandler                  0x080001df   Thumb Code     0  startup_stm32f429xx.o(.text)
    DMA2_Stream5_IRQHandler                  0x080001df   Thumb Code     0  startup_stm32f429xx.o(.text)
    DMA2_Stream6_IRQHandler                  0x080001df   Thumb Code     0  startup_stm32f429xx.o(.text)
    DMA2_Stream7_IRQHandler                  0x080001df   Thumb Code     0  startup_stm32f429xx.o(.text)
    ETH_IRQHandler                           0x080001df   Thumb Code     0  startup_stm32f429xx.o(.text)
    ETH_WKUP_IRQHandler                      0x080001df   Thumb Code     0  startup_stm32f429xx.o(.text)
    EXTI0_IRQHandler                         0x080001df   Thumb Code     0  startup_stm32f429xx.o(.text)
    EXTI15_10_IRQHandler                     0x080001df   Thumb Code     0  startup_stm32f429xx.o(.text)
    EXTI1_IRQHandler                         0x080001df   Thumb Code     0  startup_stm32f429xx.o(.text)
    EXTI2_IRQHandler                         0x080001df   Thumb Code     0  startup_stm32f429xx.o(.text)
    EXTI3_IRQHandler                         0x080001df   Thumb Code     0  startup_stm32f429xx.o(.text)
    EXTI4_IRQHandler                         0x080001df   Thumb Code     0  startup_stm32f429xx.o(.text)
    EXTI9_5_IRQHandler                       0x080001df   Thumb Code     0  startup_stm32f429xx.o(.text)
    FLASH_IRQHandler                         0x080001df   Thumb Code     0  startup_stm32f429xx.o(.text)
    FMC_IRQHandler                           0x080001df   Thumb Code     0  startup_stm32f429xx.o(.text)
    FPU_IRQHandler                           0x080001df   Thumb Code     0  startup_stm32f429xx.o(.text)
    HASH_RNG_IRQHandler                      0x080001df   Thumb Code     0  startup_stm32f429xx.o(.text)
    I2C1_ER_IRQHandler                       0x080001df   Thumb Code     0  startup_stm32f429xx.o(.text)
    I2C1_EV_IRQHandler                       0x080001df   Thumb Code     0  startup_stm32f429xx.o(.text)
    I2C2_ER_IRQHandler                       0x080001df   Thumb Code     0  startup_stm32f429xx.o(.text)
    I2C2_EV_IRQHandler                       0x080001df   Thumb Code     0  startup_stm32f429xx.o(.text)
    I2C3_ER_IRQHandler                       0x080001df   Thumb Code     0  startup_stm32f429xx.o(.text)
    I2C3_EV_IRQHandler                       0x080001df   Thumb Code     0  startup_stm32f429xx.o(.text)
    LTDC_ER_IRQHandler                       0x080001df   Thumb Code     0  startup_stm32f429xx.o(.text)
    LTDC_IRQHandler                          0x080001df   Thumb Code     0  startup_stm32f429xx.o(.text)
    OTG_FS_IRQHandler                        0x080001df   Thumb Code     0  startup_stm32f429xx.o(.text)
    OTG_FS_WKUP_IRQHandler                   0x080001df   Thumb Code     0  startup_stm32f429xx.o(.text)
    OTG_HS_EP1_IN_IRQHandler                 0x080001df   Thumb Code     0  startup_stm32f429xx.o(.text)
    OTG_HS_EP1_OUT_IRQHandler                0x080001df   Thumb Code     0  startup_stm32f429xx.o(.text)
    OTG_HS_IRQHandler                        0x080001df   Thumb Code     0  startup_stm32f429xx.o(.text)
    OTG_HS_WKUP_IRQHandler                   0x080001df   Thumb Code     0  startup_stm32f429xx.o(.text)
    PVD_IRQHandler                           0x080001df   Thumb Code     0  startup_stm32f429xx.o(.text)
    RCC_IRQHandler                           0x080001df   Thumb Code     0  startup_stm32f429xx.o(.text)
    RTC_Alarm_IRQHandler                     0x080001df   Thumb Code     0  startup_stm32f429xx.o(.text)
    RTC_WKUP_IRQHandler                      0x080001df   Thumb Code     0  startup_stm32f429xx.o(.text)
    SAI1_IRQHandler                          0x080001df   Thumb Code     0  startup_stm32f429xx.o(.text)
    SDIO_IRQHandler                          0x080001df   Thumb Code     0  startup_stm32f429xx.o(.text)
    SPI1_IRQHandler                          0x080001df   Thumb Code     0  startup_stm32f429xx.o(.text)
    SPI2_IRQHandler                          0x080001df   Thumb Code     0  startup_stm32f429xx.o(.text)
    SPI3_IRQHandler                          0x080001df   Thumb Code     0  startup_stm32f429xx.o(.text)
    SPI4_IRQHandler                          0x080001df   Thumb Code     0  startup_stm32f429xx.o(.text)
    SPI5_IRQHandler                          0x080001df   Thumb Code     0  startup_stm32f429xx.o(.text)
    SPI6_IRQHandler                          0x080001df   Thumb Code     0  startup_stm32f429xx.o(.text)
    TAMP_STAMP_IRQHandler                    0x080001df   Thumb Code     0  startup_stm32f429xx.o(.text)
    TIM1_BRK_TIM9_IRQHandler                 0x080001df   Thumb Code     0  startup_stm32f429xx.o(.text)
    TIM1_CC_IRQHandler                       0x080001df   Thumb Code     0  startup_stm32f429xx.o(.text)
    TIM1_TRG_COM_TIM11_IRQHandler            0x080001df   Thumb Code     0  startup_stm32f429xx.o(.text)
    TIM1_UP_TIM10_IRQHandler                 0x080001df   Thumb Code     0  startup_stm32f429xx.o(.text)
    TIM2_IRQHandler                          0x080001df   Thumb Code     0  startup_stm32f429xx.o(.text)
    TIM3_IRQHandler                          0x080001df   Thumb Code     0  startup_stm32f429xx.o(.text)
    TIM4_IRQHandler                          0x080001df   Thumb Code     0  startup_stm32f429xx.o(.text)
    TIM5_IRQHandler                          0x080001df   Thumb Code     0  startup_stm32f429xx.o(.text)
    TIM7_IRQHandler                          0x080001df   Thumb Code     0  startup_stm32f429xx.o(.text)
    TIM8_BRK_TIM12_IRQHandler                0x080001df   Thumb Code     0  startup_stm32f429xx.o(.text)
    TIM8_CC_IRQHandler                       0x080001df   Thumb Code     0  startup_stm32f429xx.o(.text)
    TIM8_TRG_COM_TIM14_IRQHandler            0x080001df   Thumb Code     0  startup_stm32f429xx.o(.text)
    TIM8_UP_TIM13_IRQHandler                 0x080001df   Thumb Code     0  startup_stm32f429xx.o(.text)
    UART4_IRQHandler                         0x080001df   Thumb Code     0  startup_stm32f429xx.o(.text)
    UART5_IRQHandler                         0x080001df   Thumb Code     0  startup_stm32f429xx.o(.text)
    UART7_IRQHandler                         0x080001df   Thumb Code     0  startup_stm32f429xx.o(.text)
    UART8_IRQHandler                         0x080001df   Thumb Code     0  startup_stm32f429xx.o(.text)
    USART1_IRQHandler                        0x080001df   Thumb Code     0  startup_stm32f429xx.o(.text)
    USART2_IRQHandler                        0x080001df   Thumb Code     0  startup_stm32f429xx.o(.text)
    USART3_IRQHandler                        0x080001df   Thumb Code     0  startup_stm32f429xx.o(.text)
    USART6_IRQHandler                        0x080001df   Thumb Code     0  startup_stm32f429xx.o(.text)
    WWDG_IRQHandler                          0x080001df   Thumb Code     0  startup_stm32f429xx.o(.text)
    __aeabi_uldivmod                         0x080001e9   Thumb Code    98  uldiv.o(.text)
    __aeabi_memcpy                           0x0800024b   Thumb Code    36  memcpya.o(.text)
    __aeabi_memcpy4                          0x0800024b   Thumb Code     0  memcpya.o(.text)
    __aeabi_memcpy8                          0x0800024b   Thumb Code     0  memcpya.o(.text)
    __aeabi_memset                           0x0800026f   Thumb Code    14  memseta.o(.text)
    __aeabi_memset4                          0x0800026f   Thumb Code     0  memseta.o(.text)
    __aeabi_memset8                          0x0800026f   Thumb Code     0  memseta.o(.text)
    __aeabi_memclr                           0x0800027d   Thumb Code     4  memseta.o(.text)
    __aeabi_memclr4                          0x0800027d   Thumb Code     0  memseta.o(.text)
    __aeabi_memclr8                          0x0800027d   Thumb Code     0  memseta.o(.text)
    _memset$wrapper                          0x08000281   Thumb Code    18  memseta.o(.text)
    strlen                                   0x08000293   Thumb Code    14  strlen.o(.text)
    strncmp                                  0x080002a1   Thumb Code    30  strncmp.o(.text)
    __aeabi_dadd                             0x080002bf   Thumb Code   322  dadd.o(.text)
    __aeabi_dsub                             0x08000401   Thumb Code     6  dadd.o(.text)
    __aeabi_drsub                            0x08000407   Thumb Code     6  dadd.o(.text)
    __aeabi_dmul                             0x0800040d   Thumb Code   228  dmul.o(.text)
    __aeabi_i2d                              0x080004f1   Thumb Code    34  dflti.o(.text)
    __aeabi_ui2d                             0x08000513   Thumb Code    26  dfltui.o(.text)
    __aeabi_d2uiz                            0x0800052d   Thumb Code    50  dfixui.o(.text)
    __aeabi_llsl                             0x0800055f   Thumb Code    30  llshl.o(.text)
    _ll_shift_l                              0x0800055f   Thumb Code     0  llshl.o(.text)
    __aeabi_llsr                             0x0800057d   Thumb Code    32  llushr.o(.text)
    _ll_ushift_r                             0x0800057d   Thumb Code     0  llushr.o(.text)
    __aeabi_lasr                             0x0800059d   Thumb Code    36  llsshr.o(.text)
    _ll_sshift_r                             0x0800059d   Thumb Code     0  llsshr.o(.text)
    __I$use$fp                               0x080005c1   Thumb Code     0  iusefp.o(.text)
    _double_round                            0x080005c1   Thumb Code    30  depilogue.o(.text)
    _double_epilogue                         0x080005df   Thumb Code   156  depilogue.o(.text)
    __scatterload                            0x0800067d   Thumb Code    28  init.o(.text)
    __scatterload_rt2                        0x0800067d   Thumb Code     0  init.o(.text)
    Address_set                              0x080007c9   Thumb Code    82  lcd.o(i.Address_set)
    BusFault_Handler                         0x0800081b   Thumb Code     2  stm32f4xx_it.o(i.BusFault_Handler)
    ConnectNetwork                           0x0800081d   Thumb Code    48  mqtt_interface.o(i.ConnectNetwork)
    DCMI_IRQHandler                          0x080008e9   Thumb Code     6  stm32f4xx_it.o(i.DCMI_IRQHandler)
    DMA2_Stream1_IRQHandler                  0x080008f5   Thumb Code     6  stm32f4xx_it.o(i.DMA2_Stream1_IRQHandler)
    DebugMon_Handler                         0x080009c3   Thumb Code     2  stm32f4xx_it.o(i.DebugMon_Handler)
    Error_Handler                            0x080009c5   Thumb Code     4  main.o(i.Error_Handler)
    FMC_NORSRAM_Extended_Timing_Init         0x080009c9   Thumb Code    56  stm32f4xx_ll_fmc.o(i.FMC_NORSRAM_Extended_Timing_Init)
    FMC_NORSRAM_Init                         0x08000a05   Thumb Code   124  stm32f4xx_ll_fmc.o(i.FMC_NORSRAM_Init)
    FMC_NORSRAM_Timing_Init                  0x08000a85   Thumb Code    94  stm32f4xx_ll_fmc.o(i.FMC_NORSRAM_Timing_Init)
    HAL_ADC_ConfigChannel                    0x08000ae9   Thumb Code   334  stm32f4xx_hal_adc.o(i.HAL_ADC_ConfigChannel)
    HAL_ADC_GetValue                         0x08000c4d   Thumb Code     6  stm32f4xx_hal_adc.o(i.HAL_ADC_GetValue)
    HAL_ADC_Init                             0x08000c53   Thumb Code    84  stm32f4xx_hal_adc.o(i.HAL_ADC_Init)
    HAL_ADC_MspInit                          0x08000ca9   Thumb Code   126  adc.o(i.HAL_ADC_MspInit)
    HAL_ADC_PollForConversion                0x08000d39   Thumb Code   170  stm32f4xx_hal_adc.o(i.HAL_ADC_PollForConversion)
    HAL_ADC_Start                            0x08000de5   Thumb Code   228  stm32f4xx_hal_adc.o(i.HAL_ADC_Start)
    HAL_DCMI_ErrorCallback                   0x08000ee1   Thumb Code     2  stm32f4xx_hal_dcmi.o(i.HAL_DCMI_ErrorCallback)
    HAL_DCMI_FrameEventCallback              0x08000ee5   Thumb Code     8  dcmi.o(i.HAL_DCMI_FrameEventCallback)
    HAL_DCMI_IRQHandler                      0x08000ef1   Thumb Code   148  stm32f4xx_hal_dcmi.o(i.HAL_DCMI_IRQHandler)
    HAL_DCMI_Init                            0x08000f89   Thumb Code   134  stm32f4xx_hal_dcmi_ex.o(i.HAL_DCMI_Init)
    HAL_DCMI_LineEventCallback               0x0800100f   Thumb Code     2  stm32f4xx_hal_dcmi.o(i.HAL_DCMI_LineEventCallback)
    HAL_DCMI_MspInit                         0x08001011   Thumb Code   310  dcmi.o(i.HAL_DCMI_MspInit)
    HAL_DCMI_Start_DMA                       0x0800116d   Thumb Code   174  stm32f4xx_hal_dcmi.o(i.HAL_DCMI_Start_DMA)
    HAL_DCMI_Stop                            0x08001225   Thumb Code   110  stm32f4xx_hal_dcmi.o(i.HAL_DCMI_Stop)
    HAL_DCMI_VsyncEventCallback              0x08001299   Thumb Code     2  stm32f4xx_hal_dcmi.o(i.HAL_DCMI_VsyncEventCallback)
    HAL_DMAEx_ChangeMemory                   0x0800129b   Thumb Code    14  stm32f4xx_hal_dma_ex.o(i.HAL_DMAEx_ChangeMemory)
    HAL_DMAEx_MultiBufferStart_IT            0x080012a9   Thumb Code  2422  stm32f4xx_hal_dma_ex.o(i.HAL_DMAEx_MultiBufferStart_IT)
    HAL_DMA_Abort                            0x08001c29   Thumb Code   146  stm32f4xx_hal_dma.o(i.HAL_DMA_Abort)
    HAL_DMA_Abort_IT                         0x08001cbb   Thumb Code    36  stm32f4xx_hal_dma.o(i.HAL_DMA_Abort_IT)
    HAL_DMA_IRQHandler                       0x08001ce1   Thumb Code   412  stm32f4xx_hal_dma.o(i.HAL_DMA_IRQHandler)
    HAL_DMA_Init                             0x08001e81   Thumb Code   206  stm32f4xx_hal_dma.o(i.HAL_DMA_Init)
    HAL_DMA_Start_IT                         0x08001f55   Thumb Code   110  stm32f4xx_hal_dma.o(i.HAL_DMA_Start_IT)
    HAL_Delay                                0x08001fc5   Thumb Code    32  stm32f4xx_hal.o(i.HAL_Delay)
    HAL_GPIO_Init                            0x0800208d   Thumb Code   510  stm32f4xx_hal_gpio.o(i.HAL_GPIO_Init)
    HAL_GPIO_ReadPin                         0x080022c1   Thumb Code    10  stm32f4xx_hal_gpio.o(i.HAL_GPIO_ReadPin)
    HAL_GPIO_WritePin                        0x080022cb   Thumb Code    10  stm32f4xx_hal_gpio.o(i.HAL_GPIO_WritePin)
    HAL_GetTick                              0x080022d5   Thumb Code     6  stm32f4xx_hal.o(i.HAL_GetTick)
    HAL_IncTick                              0x080022e1   Thumb Code    12  stm32f4xx_hal.o(i.HAL_IncTick)
    HAL_Init                                 0x080022f1   Thumb Code    48  stm32f4xx_hal.o(i.HAL_Init)
    HAL_InitTick                             0x08002325   Thumb Code    54  stm32f4xx_hal.o(i.HAL_InitTick)
    HAL_MspInit                              0x08002365   Thumb Code    42  stm32f4xx_hal_msp.o(i.HAL_MspInit)
    HAL_NVIC_EnableIRQ                       0x08002395   Thumb Code    26  stm32f4xx_hal_cortex.o(i.HAL_NVIC_EnableIRQ)
    HAL_NVIC_SetPriority                     0x080023b1   Thumb Code    60  stm32f4xx_hal_cortex.o(i.HAL_NVIC_SetPriority)
    HAL_NVIC_SetPriorityGrouping             0x080023f1   Thumb Code    26  stm32f4xx_hal_cortex.o(i.HAL_NVIC_SetPriorityGrouping)
    HAL_PWREx_EnableOverDrive                0x08002415   Thumb Code    98  stm32f4xx_hal_pwr_ex.o(i.HAL_PWREx_EnableOverDrive)
    HAL_RCC_ClockConfig                      0x08002485   Thumb Code   288  stm32f4xx_hal_rcc.o(i.HAL_RCC_ClockConfig)
    HAL_RCC_GetPCLK1Freq                     0x080025b9   Thumb Code    20  stm32f4xx_hal_rcc.o(i.HAL_RCC_GetPCLK1Freq)
    HAL_RCC_GetPCLK2Freq                     0x080025d9   Thumb Code    20  stm32f4xx_hal_rcc.o(i.HAL_RCC_GetPCLK2Freq)
    HAL_RCC_GetSysClockFreq                  0x080025f9   Thumb Code    88  stm32f4xx_hal_rcc.o(i.HAL_RCC_GetSysClockFreq)
    HAL_RCC_OscConfig                        0x0800265d   Thumb Code   856  stm32f4xx_hal_rcc.o(i.HAL_RCC_OscConfig)
    HAL_SRAM_Init                            0x080029c9   Thumb Code    92  stm32f4xx_hal_sram.o(i.HAL_SRAM_Init)
    HAL_SRAM_MspInit                         0x08002a25   Thumb Code     4  fmc.o(i.HAL_SRAM_MspInit)
    HAL_SYSTICK_CLKSourceConfig              0x08002a29   Thumb Code    24  stm32f4xx_hal_cortex.o(i.HAL_SYSTICK_CLKSourceConfig)
    HAL_SYSTICK_Config                       0x08002a41   Thumb Code    40  stm32f4xx_hal_cortex.o(i.HAL_SYSTICK_Config)
    HAL_TIMEx_BreakCallback                  0x08002a69   Thumb Code     2  stm32f4xx_hal_tim_ex.o(i.HAL_TIMEx_BreakCallback)
    HAL_TIMEx_CommutCallback                 0x08002a6b   Thumb Code     2  stm32f4xx_hal_tim_ex.o(i.HAL_TIMEx_CommutCallback)
    HAL_TIMEx_MasterConfigSynchronization    0x08002a6d   Thumb Code   116  stm32f4xx_hal_tim_ex.o(i.HAL_TIMEx_MasterConfigSynchronization)
    HAL_TIM_Base_Init                        0x08002afd   Thumb Code    90  stm32f4xx_hal_tim.o(i.HAL_TIM_Base_Init)
    HAL_TIM_Base_MspInit                     0x08002b59   Thumb Code    50  tim.o(i.HAL_TIM_Base_MspInit)
    HAL_TIM_Base_Start_IT                    0x08002b95   Thumb Code   100  stm32f4xx_hal_tim.o(i.HAL_TIM_Base_Start_IT)
    HAL_TIM_IC_CaptureCallback               0x08002c15   Thumb Code     2  stm32f4xx_hal_tim.o(i.HAL_TIM_IC_CaptureCallback)
    HAL_TIM_IRQHandler                       0x08002c17   Thumb Code   358  stm32f4xx_hal_tim.o(i.HAL_TIM_IRQHandler)
    HAL_TIM_OC_DelayElapsedCallback          0x08002d7d   Thumb Code     2  stm32f4xx_hal_tim.o(i.HAL_TIM_OC_DelayElapsedCallback)
    HAL_TIM_PWM_PulseFinishedCallback        0x08002d7f   Thumb Code     2  stm32f4xx_hal_tim.o(i.HAL_TIM_PWM_PulseFinishedCallback)
    HAL_TIM_PeriodElapsedCallback            0x08002d81   Thumb Code    32  tim.o(i.HAL_TIM_PeriodElapsedCallback)
    HAL_TIM_TriggerCallback                  0x08002da9   Thumb Code     2  stm32f4xx_hal_tim.o(i.HAL_TIM_TriggerCallback)
    HAL_UART_Init                            0x08002dab   Thumb Code    98  stm32f4xx_hal_uart.o(i.HAL_UART_Init)
    HAL_UART_MspInit                         0x08002e0d   Thumb Code    94  usart.o(i.HAL_UART_MspInit)
    HAL_UART_Transmit                        0x08002e79   Thumb Code   178  stm32f4xx_hal_uart.o(i.HAL_UART_Transmit)
    HardFault_Handler                        0x08002f2b   Thumb Code     2  stm32f4xx_it.o(i.HardFault_Handler)
    LCD_Clear                                0x08002f2d   Thumb Code    54  lcd.o(i.LCD_Clear)
    LCD_DrawPoint                            0x08002f63   Thumb Code    22  lcd.o(i.LCD_DrawPoint)
    LCD_Init                                 0x08002f79   Thumb Code   388  lcd.o(i.LCD_Init)
    LCD_SetWindows                           0x08003109   Thumb Code    66  lcd.o(i.LCD_SetWindows)
    LCD_ShowChar                             0x0800314d   Thumb Code   176  lcd.o(i.LCD_ShowChar)
    LCD_ShowImage                            0x0800320d   Thumb Code    64  lcd.o(i.LCD_ShowImage)
    LCD_ShowString                           0x0800324d   Thumb Code    84  lcd.o(i.LCD_ShowString)
    LCD_WR_Reg                               0x080032a1   Thumb Code   100  lcd.o(i.LCD_WR_Reg)
    LCD_WriteData                            0x0800330d   Thumb Code   100  lcd.o(i.LCD_WriteData)
    LCD_Write_Data                           0x08003379   Thumb Code    20  lcd.o(i.LCD_Write_Data)
    MQTTClientInit                           0x0800338d   Thumb Code    58  mqttclient.o(i.MQTTClientInit)
    MQTTConnect                              0x080033c9   Thumb Code   146  mqttclient.o(i.MQTTConnect)
    MQTTDeserialize_ack                      0x08003461   Thumb Code    72  mqttdeserializepublish.o(i.MQTTDeserialize_ack)
    MQTTDeserialize_connack                  0x080034a9   Thumb Code    90  mqttconnectclient.o(i.MQTTDeserialize_connack)
    MQTTDeserialize_publish                  0x08003503   Thumb Code   140  mqttdeserializepublish.o(i.MQTTDeserialize_publish)
    MQTTDeserialize_suback                   0x0800358f   Thumb Code   124  mqttsubscribeclient.o(i.MQTTDeserialize_suback)
    MQTTPacket_decode                        0x0800360b   Thumb Code    54  mqttpacket.o(i.MQTTPacket_decode)
    MQTTPacket_decodeBuf                     0x08003641   Thumb Code    10  mqttpacket.o(i.MQTTPacket_decodeBuf)
    MQTTPacket_encode                        0x08003655   Thumb Code    42  mqttpacket.o(i.MQTTPacket_encode)
    MQTTPacket_equals                        0x0800367f   Thumb Code    52  mqttpacket.o(i.MQTTPacket_equals)
    MQTTPacket_len                           0x080036b5   Thumb Code    34  mqttpacket.o(i.MQTTPacket_len)
    MQTTPublish                              0x080036dd   Thumb Code   182  mqttclient.o(i.MQTTPublish)
    MQTTSerialize_ack                        0x08003793   Thumb Code    72  mqttserializepublish.o(i.MQTTSerialize_ack)
    MQTTSerialize_connect                    0x080037dd   Thumb Code   262  mqttconnectclient.o(i.MQTTSerialize_connect)
    MQTTSerialize_connectLength              0x080038f5   Thumb Code   118  mqttconnectclient.o(i.MQTTSerialize_connectLength)
    MQTTSerialize_pingreq                    0x0800396b   Thumb Code     6  mqttconnectclient.o(i.MQTTSerialize_pingreq)
    MQTTSerialize_publish                    0x08003971   Thumb Code   134  mqttserializepublish.o(i.MQTTSerialize_publish)
    MQTTSerialize_publishLength              0x080039f7   Thumb Code    30  mqttserializepublish.o(i.MQTTSerialize_publishLength)
    MQTTSerialize_subscribe                  0x08003a15   Thumb Code   140  mqttsubscribeclient.o(i.MQTTSerialize_subscribe)
    MQTTSerialize_subscribeLength            0x08003aa1   Thumb Code    46  mqttsubscribeclient.o(i.MQTTSerialize_subscribeLength)
    MQTTSerialize_zero                       0x08003acf   Thumb Code    50  mqttconnectclient.o(i.MQTTSerialize_zero)
    MQTTSubscribe                            0x08003b01   Thumb Code   188  mqttclient.o(i.MQTTSubscribe)
    MQTTYield                                0x08003bbd   Thumb Code    40  mqttclient.o(i.MQTTYield)
    MQTTstrlen                               0x08003be5   Thumb Code    14  mqttpacket.o(i.MQTTstrlen)
    MX_ADC1_Init                             0x08003bf5   Thumb Code    88  adc.o(i.MX_ADC1_Init)
    MX_ADC2_Init                             0x08003c59   Thumb Code    88  adc.o(i.MX_ADC2_Init)
    MX_DCMI_Init                             0x08003cbd   Thumb Code    44  dcmi.o(i.MX_DCMI_Init)
    MX_DMA_Init                              0x08003cf1   Thumb Code    40  dma.o(i.MX_DMA_Init)
    MX_FMC_Init                              0x08003d1d   Thumb Code   104  fmc.o(i.MX_FMC_Init)
    MX_GPIO_Init                             0x08003d8d   Thumb Code   356  gpio.o(i.MX_GPIO_Init)
    MX_TIM6_Init                             0x08003f09   Thumb Code    74  tim.o(i.MX_TIM6_Init)
    MX_USART1_UART_Init                      0x08003f5d   Thumb Code    48  usart.o(i.MX_USART1_UART_Init)
    MemManage_Handler                        0x08003f95   Thumb Code     2  stm32f4xx_it.o(i.MemManage_Handler)
    NMI_Handler                              0x08003f97   Thumb Code     2  stm32f4xx_it.o(i.NMI_Handler)
    NewNetwork                               0x08003f99   Thumb Code    16  mqtt_interface.o(i.NewNetwork)
    PendSV_Handler                           0x08003fb5   Thumb Code     2  stm32f4xx_it.o(i.PendSV_Handler)
    SDA_IN                                   0x08003fb9   Thumb Code    36  sgp30.o(i.SDA_IN)
    SDA_OUT                                  0x08003fe1   Thumb Code    38  sgp30.o(i.SDA_OUT)
    SGP30_IIC_Ack                            0x0800400d   Thumb Code    64  sgp30.o(i.SGP30_IIC_Ack)
    SGP30_IIC_NAck                           0x08004051   Thumb Code    64  sgp30.o(i.SGP30_IIC_NAck)
    SGP30_IIC_Read_Byte                      0x08004095   Thumb Code   100  sgp30.o(i.SGP30_IIC_Read_Byte)
    SGP30_IIC_Send_Byte                      0x080040fd   Thumb Code   100  sgp30.o(i.SGP30_IIC_Send_Byte)
    SGP30_IIC_Start                          0x08004165   Thumb Code    64  sgp30.o(i.SGP30_IIC_Start)
    SGP30_IIC_Stop                           0x080041a9   Thumb Code    64  sgp30.o(i.SGP30_IIC_Stop)
    SGP30_IIC_Wait_Ack                       0x080041ed   Thumb Code    86  sgp30.o(i.SGP30_IIC_Wait_Ack)
    SGP30_Init                               0x08004249   Thumb Code     8  sgp30.o(i.SGP30_Init)
    SGP30_Read                               0x08004251   Thumb Code    66  sgp30.o(i.SGP30_Read)
    SGP30_Write                              0x08004293   Thumb Code    54  sgp30.o(i.SGP30_Write)
    SVC_Handler                              0x080042c9   Thumb Code     2  stm32f4xx_it.o(i.SVC_Handler)
    SysTick_Handler                          0x080042cb   Thumb Code     4  stm32f4xx_it.o(i.SysTick_Handler)
    SystemClock_Config                       0x080042d1   Thumb Code   150  main.o(i.SystemClock_Config)
    SystemInit                               0x08004371   Thumb Code    12  system_stm32f4xx.o(i.SystemInit)
    TIM6_DAC_IRQHandler                      0x08004381   Thumb Code     6  stm32f4xx_it.o(i.TIM6_DAC_IRQHandler)
    TIM_Base_SetConfig                       0x0800438d   Thumb Code   156  stm32f4xx_hal_tim.o(i.TIM_Base_SetConfig)
    TimerCountdown                           0x08004455   Thumb Code    20  mqtt_interface.o(i.TimerCountdown)
    TimerCountdownMS                         0x0800446d   Thumb Code    10  mqtt_interface.o(i.TimerCountdownMS)
    TimerInit                                0x0800447d   Thumb Code     6  mqtt_interface.o(i.TimerInit)
    TimerIsExpired                           0x08004485   Thumb Code    12  mqtt_interface.o(i.TimerIsExpired)
    TimerLeftMS                              0x08004495   Thumb Code    14  mqtt_interface.o(i.TimerLeftMS)
    UsageFault_Handler                       0x0800462d   Thumb Code     2  stm32f4xx_it.o(i.UsageFault_Handler)
    WIZCHIP_READ                             0x08004631   Thumb Code    34  w5300.o(i.WIZCHIP_READ)
    WIZCHIP_WRITE                            0x08004659   Thumb Code    36  w5300.o(i.WIZCHIP_WRITE)
    __0printf$8                              0x08004681   Thumb Code    22  printf8.o(i.__0printf$8)
    __1printf$8                              0x08004681   Thumb Code     0  printf8.o(i.__0printf$8)
    __2printf                                0x08004681   Thumb Code     0  printf8.o(i.__0printf$8)
    __0sprintf$8                             0x080046a1   Thumb Code    34  printf8.o(i.__0sprintf$8)
    __1sprintf$8                             0x080046a1   Thumb Code     0  printf8.o(i.__0sprintf$8)
    __2sprintf                               0x080046a1   Thumb Code     0  printf8.o(i.__0sprintf$8)
    __scatterload_copy                       0x080046e9   Thumb Code    14  handlers.o(i.__scatterload_copy)
    __scatterload_null                       0x080046f7   Thumb Code     2  handlers.o(i.__scatterload_null)
    __scatterload_zeroinit                   0x080046f9   Thumb Code    14  handlers.o(i.__scatterload_zeroinit)
    aliyun_init                              0x08004b69   Thumb Code   148  w5300_aliyun.o(i.aliyun_init)
    aliyun_publish                           0x08004c81   Thumb Code    44  w5300_aliyun.o(i.aliyun_publish)
    atk_mc2640_dcmi_start                    0x08004cf9   Thumb Code    76  dcmi.o(i.atk_mc2640_dcmi_start)
    atk_mc2640_get_frame                     0x08004d4d   Thumb Code    88  ov2640.o(i.atk_mc2640_get_frame)
    atk_mc2640_init                          0x08004da9   Thumb Code   246  ov2640.o(i.atk_mc2640_init)
    atk_mc2640_sccb_2_phase_read             0x08004eeb   Thumb Code    36  ov2640_sccb.o(i.atk_mc2640_sccb_2_phase_read)
    atk_mc2640_sccb_2_phase_write            0x08004f0f   Thumb Code    32  ov2640_sccb.o(i.atk_mc2640_sccb_2_phase_write)
    atk_mc2640_sccb_3_phase_write            0x08004f2f   Thumb Code    40  ov2640_sccb.o(i.atk_mc2640_sccb_3_phase_write)
    atk_mc2640_sccb_init                     0x08004f59   Thumb Code    96  ov2640_sccb.o(i.atk_mc2640_sccb_init)
    atk_mc2640_set_brightness                0x08005179   Thumb Code   206  ov2640.o(i.atk_mc2640_set_brightness)
    atk_mc2640_set_color_saturation          0x08005247   Thumb Code   240  ov2640.o(i.atk_mc2640_set_color_saturation)
    atk_mc2640_set_contrast                  0x08005337   Thumb Code   288  ov2640.o(i.atk_mc2640_set_contrast)
    atk_mc2640_set_light_mode                0x08005457   Thumb Code   178  ov2640.o(i.atk_mc2640_set_light_mode)
    atk_mc2640_set_output_format             0x08005509   Thumb Code    96  ov2640.o(i.atk_mc2640_set_output_format)
    atk_mc2640_set_output_size               0x0800556d   Thumb Code    86  ov2640.o(i.atk_mc2640_set_output_size)
    atk_mc2640_set_special_effect            0x080055c9   Thumb Code   290  ov2640.o(i.atk_mc2640_set_special_effect)
    bubble_sort                              0x080056f5   Thumb Code    48  utilities.o(i.bubble_sort)
    bufchar                                  0x08005725   Thumb Code    30  mqttpacket.o(i.bufchar)
    close                                    0x08005749   Thumb Code   232  socket.o(i.close)
    connect                                  0x08005841   Thumb Code   276  socket.o(i.connect)
    cycle                                    0x0800595d   Thumb Code   254  mqttclient.o(i.cycle)
    delay_init                               0x08005a5d   Thumb Code    16  delay.o(i.delay_init)
    delay_ms                                 0x08005a71   Thumb Code    54  delay.o(i.delay_ms)
    delay_us                                 0x08005aad   Thumb Code    48  delay.o(i.delay_us)
    deliverMessage                           0x08005ae1   Thumb Code   174  mqttclient.o(i.deliverMessage)
    dht11_check                              0x08005b91   Thumb Code    80  dht11.o(i.dht11_check)
    dht11_init                               0x08005be5   Thumb Code    14  dht11.o(i.dht11_init)
    dht11_read_bit                           0x08005bf5   Thumb Code    82  dht11.o(i.dht11_read_bit)
    dht11_read_byte                          0x08005c4d   Thumb Code    26  dht11.o(i.dht11_read_byte)
    dht11_read_data                          0x08005c67   Thumb Code    80  dht11.o(i.dht11_read_data)
    dht11_reset                              0x08005cb9   Thumb Code    40  dht11.o(i.dht11_reset)
    disconnect                               0x08005ce5   Thumb Code   140  socket.o(i.disconnect)
    do_aliyun_run                            0x08005d79   Thumb Code    10  w5300_aliyun.o(i.do_aliyun_run)
    eth_video_init                           0x08005d8d   Thumb Code    74  eth_video.o(i.eth_video_init)
    eth_video_run                            0x08005ddd   Thumb Code   126  eth_video.o(i.eth_video_run)
    fputc                                    0x08005e65   Thumb Code    20  usart.o(i.fputc)
    getRMSR                                  0x08005e93   Thumb Code    34  w5300.o(i.getRMSR)
    getSn_RX_RSR                             0x08005eb5   Thumb Code    60  w5300.o(i.getSn_RX_RSR)
    getSn_TX_FSR                             0x08005ef9   Thumb Code    48  w5300.o(i.getSn_TX_FSR)
    getTMSR                                  0x08005f2d   Thumb Code    34  w5300.o(i.getTMSR)
    get_adc1                                 0x08005f51   Thumb Code    26  gp2y10.o(i.get_adc1)
    get_adc2                                 0x08005f71   Thumb Code    26  light_check.o(i.get_adc2)
    get_gp2y10_value                         0x08005f91   Thumb Code   418  gp2y10.o(i.get_gp2y10_value)
    get_light_value                          0x08006195   Thumb Code   106  light_check.o(i.get_light_value)
    get_video_rgb565                         0x08006209   Thumb Code    40  eth_video.o(i.get_video_rgb565)
    keepalive                                0x08006235   Thumb Code    80  mqttclient.o(i.keepalive)
    main                                     0x08006285   Thumb Code   678  main.o(i.main)
    main_timer                               0x080065e9   Thumb Code    22  main.o(i.main_timer)
    messageArrived                           0x08006605   Thumb Code    14  w5300_aliyun.o(i.messageArrived)
    my_mem_init                              0x08006621   Thumb Code    36  malloc.o(i.my_mem_init)
    my_mem_malloc                            0x0800664d   Thumb Code   128  malloc.o(i.my_mem_malloc)
    my_mem_perused                           0x080066d5   Thumb Code    50  malloc.o(i.my_mem_perused)
    my_mem_set                               0x08006711   Thumb Code    14  malloc.o(i.my_mem_set)
    mymalloc                                 0x08006721   Thumb Code    28  malloc.o(i.mymalloc)
    readChar                                 0x08006741   Thumb Code    12  mqttpacket.o(i.readChar)
    readInt                                  0x0800674d   Thumb Code    18  mqttpacket.o(i.readInt)
    readMQTTLenString                        0x0800675f   Thumb Code    52  mqttpacket.o(i.readMQTTLenString)
    recv                                     0x08006835   Thumb Code   424  socket.o(i.recv)
    reg_wizchip_bus_cbfunc                   0x080069e9   Thumb Code    30  wizchip_conf.o(i.reg_wizchip_bus_cbfunc)
    send                                     0x08006a15   Thumb Code   302  socket.o(i.send)
    sendto                                   0x08006ba1   Thumb Code   612  socket.o(i.sendto)
    setRMSR                                  0x08006e11   Thumb Code    50  w5300.o(i.setRMSR)
    setTMSR                                  0x08006e43   Thumb Code    50  w5300.o(i.setTMSR)
    socket                                   0x08006e75   Thumb Code   308  socket.o(i.socket)
    w5300_bus_rb_cbfunc                      0x08006fb9   Thumb Code     4  w5300_config.o(i.w5300_bus_rb_cbfunc)
    w5300_bus_wb_cbfunc                      0x08006fbd   Thumb Code     4  w5300_config.o(i.w5300_bus_wb_cbfunc)
    w5300_init                               0x08006fc1   Thumb Code   258  w5300_config.o(i.w5300_init)
    w5x00_disconnect                         0x0800715d   Thumb Code     6  mqtt_interface.o(i.w5x00_disconnect)
    w5x00_read                               0x08007165   Thumb Code    52  mqtt_interface.o(i.w5x00_read)
    w5x00_write                              0x0800719d   Thumb Code    44  mqtt_interface.o(i.w5x00_write)
    waitfor                                  0x080071cd   Thumb Code    42  mqttclient.o(i.waitfor)
    wiz_recv_data                            0x080071f9   Thumb Code    62  w5300.o(i.wiz_recv_data)
    wiz_send_data                            0x08007241   Thumb Code    44  w5300.o(i.wiz_send_data)
    wizchip_bus_readdata                     0x08007271   Thumb Code     4  wizchip_conf.o(i.wizchip_bus_readdata)
    wizchip_bus_writedata                    0x08007275   Thumb Code     4  wizchip_conf.o(i.wizchip_bus_writedata)
    wizchip_cris_enter                       0x08007279   Thumb Code     2  wizchip_conf.o(i.wizchip_cris_enter)
    wizchip_cris_exit                        0x0800727b   Thumb Code     2  wizchip_conf.o(i.wizchip_cris_exit)
    wizchip_cs_deselect                      0x0800727d   Thumb Code     2  wizchip_conf.o(i.wizchip_cs_deselect)
    wizchip_cs_select                        0x0800727f   Thumb Code     2  wizchip_conf.o(i.wizchip_cs_select)
    wizchip_getnetinfo                       0x08007281   Thumb Code   212  wizchip_conf.o(i.wizchip_getnetinfo)
    wizchip_init                             0x0800735d   Thumb Code   124  wizchip_conf.o(i.wizchip_init)
    wizchip_setnetinfo                       0x080073d9   Thumb Code   192  wizchip_conf.o(i.wizchip_setnetinfo)
    wizchip_sw_reset                         0x080074a1   Thumb Code   368  wizchip_conf.o(i.wizchip_sw_reset)
    writeCString                             0x08007615   Thumb Code    40  mqttpacket.o(i.writeCString)
    writeChar                                0x0800763d   Thumb Code    12  mqttpacket.o(i.writeChar)
    writeInt                                 0x08007649   Thumb Code    30  mqttpacket.o(i.writeInt)
    writeMQTTString                          0x08007667   Thumb Code    54  mqttpacket.o(i.writeMQTTString)
    AHBPrescTable                            0x080076a4   Data          16  system_stm32f4xx.o(.constdata)
    APBPrescTable                            0x080076b4   Data           8  system_stm32f4xx.o(.constdata)
    atk_mc2640_init_uxga_cfg                 0x080076bc   Data         356  ov2640.o(.constdata)
    atk_mc2640_set_yuv422_cfg                0x08007820   Data          16  ov2640.o(.constdata)
    atk_mc2640_set_jpeg_cfg                  0x08007830   Data          14  ov2640.o(.constdata)
    atk_mc2640_set_rgb565_cfg                0x0800783e   Data          28  ov2640.o(.constdata)
    memtblsize                               0x0800785c   Data          12  malloc.o(.constdata)
    memblksize                               0x08007868   Data          12  malloc.o(.constdata)
    memsize                                  0x08007874   Data          12  malloc.o(.constdata)
    asc2_1206                                0x08007897   Data        1140  lcd.o(.constdata)
    asc2_1608                                0x08007d0b   Data        1520  lcd.o(.constdata)
    asc2_2412                                0x080082fb   Data        3420  lcd.o(.constdata)
    Region$$Table$$Base                      0x080091f0   Number         0  anon$$obj.o(Region$$Table)
    Region$$Table$$Limit                     0x08009210   Number         0  anon$$obj.o(Region$$Table)
    parms_update_count                       0x20000000   Data           1  main.o(.data)
    image_update_count                       0x20000001   Data           1  main.o(.data)
    aliyun_auto_up_count                     0x20000002   Data           1  main.o(.data)
    frame_sem                                0x20000003   Data           1  dcmi.o(.data)
    ms                                       0x2000000c   Data           4  tim.o(.data)
    uwTickFreq                               0x20000010   Data           1  stm32f4xx_hal.o(.data)
    uwTickPrio                               0x20000014   Data           4  stm32f4xx_hal.o(.data)
    uwTick                                   0x20000018   Data           4  stm32f4xx_hal.o(.data)
    SystemCoreClock                          0x2000001c   Data           4  system_stm32f4xx.o(.data)
    mallco_dev                               0x20000028   Data          36  malloc.o(.data)
    remote_port                              0x2000004c   Data           2  eth_video.o(.data)
    local_port                               0x2000004e   Data           2  eth_video.o(.data)
    remote_ip                                0x20000050   Data           4  eth_video.o(.data)
    jpeg_buf                                 0x20000054   Data           4  eth_video.o(.data)
    p_jpeg_buf                               0x20000058   Data           4  eth_video.o(.data)
    jpeg_len                                 0x2000005c   Data           4  eth_video.o(.data)
    jpeg_index                               0x20000060   Data           4  eth_video.o(.data)
    POINT_COLOR                              0x20000064   Data           2  lcd.o(.data)
    BACK_COLOR                               0x20000066   Data           2  lcd.o(.data)
    aliyun_connected                         0x20000068   Data           1  w5300_aliyun.o(.data)
    mqtt_connect_data                        0x2000006c   Data          88  w5300_aliyun.o(.data)
    sock_pack_info                           0x200000ca   Data           8  socket.o(.data)
    sock_remained_byte                       0x200000d2   Data           8  socket.o(.data)
    WIZCHIP                                  0x200000e4   Data          44  wizchip_conf.o(.data)
    MilliTimer                               0x20000110   Data           4  mqtt_interface.o(.data)
    __stdout                                 0x20000118   Data           4  stdout.o(.data)
    hadc1                                    0x2000011c   Data          72  adc.o(.bss)
    hadc2                                    0x20000164   Data          72  adc.o(.bss)
    hdcmi                                    0x200001ac   Data          64  dcmi.o(.bss)
    hdma_dcmi                                0x200001ec   Data          96  dcmi.o(.bss)
    hsram1                                   0x2000024c   Data          80  fmc.o(.bss)
    htim6                                    0x2000029c   Data          72  tim.o(.bss)
    huart1                                   0x200002e4   Data          68  usart.o(.bss)
    lcddev                                   0x20015740   Data          14  lcd.o(.bss)
    mqtt_send_buff                           0x20015750   Data        2048  w5300_aliyun.o(.bss)
    mqtt_recv_buff                           0x20015f50   Data        2048  w5300_aliyun.o(.bss)
    network                                  0x20016750   Data          16  w5300_aliyun.o(.bss)
    mqtt                                     0x20016760   Data          92  w5300_aliyun.o(.bss)
    __initial_sp                             0x20016bd0   Data           0  startup_stm32f429xx.o(STACK)



==============================================================================

Memory Map of the image

  Image Entry point : 0x080001ad

  Load Region LR_IROM1 (Base: 0x08000000, Size: 0x0000932c, Max: 0x00200000, ABSOLUTE)

    Execution Region ER_IROM1 (Exec base: 0x08000000, Load base: 0x08000000, Size: 0x00009210, Max: 0x00200000, ABSOLUTE)

    Exec Addr    Load Addr    Size         Type   Attr      Idx    E Section Name        Object

    0x08000000   0x08000000   0x000001ac   Data   RO            3    RESET               startup_stm32f429xx.o
    0x080001ac   0x080001ac   0x00000000   Code   RO         5871  * .ARM.Collect$$$$00000000  mc_w.l(entry.o)
    0x080001ac   0x080001ac   0x00000004   Code   RO         6159    .ARM.Collect$$$$00000001  mc_w.l(entry2.o)
    0x080001b0   0x080001b0   0x00000004   Code   RO         6162    .ARM.Collect$$$$00000004  mc_w.l(entry5.o)
    0x080001b4   0x080001b4   0x00000000   Code   RO         6164    .ARM.Collect$$$$00000008  mc_w.l(entry7b.o)
    0x080001b4   0x080001b4   0x00000000   Code   RO         6166    .ARM.Collect$$$$0000000A  mc_w.l(entry8b.o)
    0x080001b4   0x080001b4   0x00000008   Code   RO         6167    .ARM.Collect$$$$0000000B  mc_w.l(entry9a.o)
    0x080001bc   0x080001bc   0x00000004   Code   RO         6174    .ARM.Collect$$$$0000000E  mc_w.l(entry12b.o)
    0x080001c0   0x080001c0   0x00000000   Code   RO         6169    .ARM.Collect$$$$0000000F  mc_w.l(entry10a.o)
    0x080001c0   0x080001c0   0x00000000   Code   RO         6171    .ARM.Collect$$$$00000011  mc_w.l(entry11a.o)
    0x080001c0   0x080001c0   0x00000004   Code   RO         6160    .ARM.Collect$$$$00002712  mc_w.l(entry2.o)
    0x080001c4   0x080001c4   0x00000024   Code   RO            4    .text               startup_stm32f429xx.o
    0x080001e8   0x080001e8   0x00000062   Code   RO         5874    .text               mc_w.l(uldiv.o)
    0x0800024a   0x0800024a   0x00000024   Code   RO         5876    .text               mc_w.l(memcpya.o)
    0x0800026e   0x0800026e   0x00000024   Code   RO         5878    .text               mc_w.l(memseta.o)
    0x08000292   0x08000292   0x0000000e   Code   RO         5880    .text               mc_w.l(strlen.o)
    0x080002a0   0x080002a0   0x0000001e   Code   RO         5884    .text               mc_w.l(strncmp.o)
    0x080002be   0x080002be   0x0000014e   Code   RO         6149    .text               mf_w.l(dadd.o)
    0x0800040c   0x0800040c   0x000000e4   Code   RO         6151    .text               mf_w.l(dmul.o)
    0x080004f0   0x080004f0   0x00000022   Code   RO         6153    .text               mf_w.l(dflti.o)
    0x08000512   0x08000512   0x0000001a   Code   RO         6155    .text               mf_w.l(dfltui.o)
    0x0800052c   0x0800052c   0x00000032   Code   RO         6157    .text               mf_w.l(dfixui.o)
    0x0800055e   0x0800055e   0x0000001e   Code   RO         6178    .text               mc_w.l(llshl.o)
    0x0800057c   0x0800057c   0x00000020   Code   RO         6180    .text               mc_w.l(llushr.o)
    0x0800059c   0x0800059c   0x00000024   Code   RO         6182    .text               mc_w.l(llsshr.o)
    0x080005c0   0x080005c0   0x00000000   Code   RO         6184    .text               mc_w.l(iusefp.o)
    0x080005c0   0x080005c0   0x000000ba   Code   RO         6185    .text               mf_w.l(depilogue.o)
    0x0800067a   0x0800067a   0x00000002   PAD
    0x0800067c   0x0800067c   0x00000024   Code   RO         6193    .text               mc_w.l(init.o)
    0x080006a0   0x080006a0   0x00000128   Code   RO          695    i.ADC_Init          stm32f4xx_hal_adc.o
    0x080007c8   0x080007c8   0x00000052   Code   RO         4464    i.Address_set       lcd.o
    0x0800081a   0x0800081a   0x00000002   Code   RO          574    i.BusFault_Handler  stm32f4xx_it.o
    0x0800081c   0x0800081c   0x00000030   Code   RO         5267    i.ConnectNetwork    mqtt_interface.o
    0x0800084c   0x0800084c   0x00000018   Code   RO         2184    i.DCMI_DMAError     stm32f4xx_hal_dcmi.o
    0x08000864   0x08000864   0x00000082   Code   RO         2185    i.DCMI_DMAXferCplt  stm32f4xx_hal_dcmi.o
    0x080008e6   0x080008e6   0x00000002   PAD
    0x080008e8   0x080008e8   0x0000000c   Code   RO          575    i.DCMI_IRQHandler   stm32f4xx_it.o
    0x080008f4   0x080008f4   0x0000000c   Code   RO          576    i.DMA2_Stream1_IRQHandler  stm32f4xx_it.o
    0x08000900   0x08000900   0x00000028   Code   RO         1481    i.DMA_CalcBaseAndBitshift  stm32f4xx_hal_dma.o
    0x08000928   0x08000928   0x00000054   Code   RO         1482    i.DMA_CheckFifoParam  stm32f4xx_hal_dma.o
    0x0800097c   0x0800097c   0x0000001e   Code   RO         1440    i.DMA_MultiBufferSetConfig  stm32f4xx_hal_dma_ex.o
    0x0800099a   0x0800099a   0x00000028   Code   RO         1483    i.DMA_SetConfig     stm32f4xx_hal_dma.o
    0x080009c2   0x080009c2   0x00000002   Code   RO          577    i.DebugMon_Handler  stm32f4xx_it.o
    0x080009c4   0x080009c4   0x00000004   Code   RO           13    i.Error_Handler     main.o
    0x080009c8   0x080009c8   0x0000003c   Code   RO         2358    i.FMC_NORSRAM_Extended_Timing_Init  stm32f4xx_ll_fmc.o
    0x08000a04   0x08000a04   0x00000080   Code   RO         2359    i.FMC_NORSRAM_Init  stm32f4xx_ll_fmc.o
    0x08000a84   0x08000a84   0x00000064   Code   RO         2360    i.FMC_NORSRAM_Timing_Init  stm32f4xx_ll_fmc.o
    0x08000ae8   0x08000ae8   0x00000164   Code   RO          697    i.HAL_ADC_ConfigChannel  stm32f4xx_hal_adc.o
    0x08000c4c   0x08000c4c   0x00000006   Code   RO          704    i.HAL_ADC_GetValue  stm32f4xx_hal_adc.o
    0x08000c52   0x08000c52   0x00000054   Code   RO          706    i.HAL_ADC_Init      stm32f4xx_hal_adc.o
    0x08000ca6   0x08000ca6   0x00000002   PAD
    0x08000ca8   0x08000ca8   0x00000090   Code   RO          303    i.HAL_ADC_MspInit   adc.o
    0x08000d38   0x08000d38   0x000000aa   Code   RO          710    i.HAL_ADC_PollForConversion  stm32f4xx_hal_adc.o
    0x08000de2   0x08000de2   0x00000002   PAD
    0x08000de4   0x08000de4   0x000000fc   Code   RO          712    i.HAL_ADC_Start     stm32f4xx_hal_adc.o
    0x08000ee0   0x08000ee0   0x00000002   Code   RO         2191    i.HAL_DCMI_ErrorCallback  stm32f4xx_hal_dcmi.o
    0x08000ee2   0x08000ee2   0x00000002   PAD
    0x08000ee4   0x08000ee4   0x0000000c   Code   RO          350    i.HAL_DCMI_FrameEventCallback  dcmi.o
    0x08000ef0   0x08000ef0   0x00000098   Code   RO         2195    i.HAL_DCMI_IRQHandler  stm32f4xx_hal_dcmi.o
    0x08000f88   0x08000f88   0x00000086   Code   RO         2326    i.HAL_DCMI_Init     stm32f4xx_hal_dcmi_ex.o
    0x0800100e   0x0800100e   0x00000002   Code   RO         2197    i.HAL_DCMI_LineEventCallback  stm32f4xx_hal_dcmi.o
    0x08001010   0x08001010   0x0000015c   Code   RO          352    i.HAL_DCMI_MspInit  dcmi.o
    0x0800116c   0x0800116c   0x000000b8   Code   RO         2201    i.HAL_DCMI_Start_DMA  stm32f4xx_hal_dcmi.o
    0x08001224   0x08001224   0x00000074   Code   RO         2202    i.HAL_DCMI_Stop     stm32f4xx_hal_dcmi.o
    0x08001298   0x08001298   0x00000002   Code   RO         2204    i.HAL_DCMI_VsyncEventCallback  stm32f4xx_hal_dcmi.o
    0x0800129a   0x0800129a   0x0000000e   Code   RO         1441    i.HAL_DMAEx_ChangeMemory  stm32f4xx_hal_dma_ex.o
    0x080012a8   0x080012a8   0x00000980   Code   RO         1443    i.HAL_DMAEx_MultiBufferStart_IT  stm32f4xx_hal_dma_ex.o
    0x08001c28   0x08001c28   0x00000092   Code   RO         1484    i.HAL_DMA_Abort     stm32f4xx_hal_dma.o
    0x08001cba   0x08001cba   0x00000024   Code   RO         1485    i.HAL_DMA_Abort_IT  stm32f4xx_hal_dma.o
    0x08001cde   0x08001cde   0x00000002   PAD
    0x08001ce0   0x08001ce0   0x000001a0   Code   RO         1489    i.HAL_DMA_IRQHandler  stm32f4xx_hal_dma.o
    0x08001e80   0x08001e80   0x000000d4   Code   RO         1490    i.HAL_DMA_Init      stm32f4xx_hal_dma.o
    0x08001f54   0x08001f54   0x0000006e   Code   RO         1494    i.HAL_DMA_Start_IT  stm32f4xx_hal_dma.o
    0x08001fc2   0x08001fc2   0x00000002   PAD
    0x08001fc4   0x08001fc4   0x00000024   Code   RO         1921    i.HAL_Delay         stm32f4xx_hal.o
    0x08001fe8   0x08001fe8   0x000000a4   Code   RO          429    i.HAL_FMC_MspInit   fmc.o
    0x0800208c   0x0800208c   0x00000234   Code   RO         1377    i.HAL_GPIO_Init     stm32f4xx_hal_gpio.o
    0x080022c0   0x080022c0   0x0000000a   Code   RO         1379    i.HAL_GPIO_ReadPin  stm32f4xx_hal_gpio.o
    0x080022ca   0x080022ca   0x0000000a   Code   RO         1381    i.HAL_GPIO_WritePin  stm32f4xx_hal_gpio.o
    0x080022d4   0x080022d4   0x0000000c   Code   RO         1929    i.HAL_GetTick       stm32f4xx_hal.o
    0x080022e0   0x080022e0   0x00000010   Code   RO         1935    i.HAL_IncTick       stm32f4xx_hal.o
    0x080022f0   0x080022f0   0x00000034   Code   RO         1936    i.HAL_Init          stm32f4xx_hal.o
    0x08002324   0x08002324   0x00000040   Code   RO         1937    i.HAL_InitTick      stm32f4xx_hal.o
    0x08002364   0x08002364   0x00000030   Code   RO          668    i.HAL_MspInit       stm32f4xx_hal_msp.o
    0x08002394   0x08002394   0x0000001a   Code   RO         1784    i.HAL_NVIC_EnableIRQ  stm32f4xx_hal_cortex.o
    0x080023ae   0x080023ae   0x00000002   PAD
    0x080023b0   0x080023b0   0x00000040   Code   RO         1790    i.HAL_NVIC_SetPriority  stm32f4xx_hal_cortex.o
    0x080023f0   0x080023f0   0x00000024   Code   RO         1791    i.HAL_NVIC_SetPriorityGrouping  stm32f4xx_hal_cortex.o
    0x08002414   0x08002414   0x00000070   Code   RO         1713    i.HAL_PWREx_EnableOverDrive  stm32f4xx_hal_pwr_ex.o
    0x08002484   0x08002484   0x00000134   Code   RO          971    i.HAL_RCC_ClockConfig  stm32f4xx_hal_rcc.o
    0x080025b8   0x080025b8   0x00000020   Code   RO          978    i.HAL_RCC_GetPCLK1Freq  stm32f4xx_hal_rcc.o
    0x080025d8   0x080025d8   0x00000020   Code   RO          979    i.HAL_RCC_GetPCLK2Freq  stm32f4xx_hal_rcc.o
    0x080025f8   0x080025f8   0x00000064   Code   RO          980    i.HAL_RCC_GetSysClockFreq  stm32f4xx_hal_rcc.o
    0x0800265c   0x0800265c   0x0000036c   Code   RO          983    i.HAL_RCC_OscConfig  stm32f4xx_hal_rcc.o
    0x080029c8   0x080029c8   0x0000005c   Code   RO         2534    i.HAL_SRAM_Init     stm32f4xx_hal_sram.o
    0x08002a24   0x08002a24   0x00000004   Code   RO          431    i.HAL_SRAM_MspInit  fmc.o
    0x08002a28   0x08002a28   0x00000018   Code   RO         1793    i.HAL_SYSTICK_CLKSourceConfig  stm32f4xx_hal_cortex.o
    0x08002a40   0x08002a40   0x00000028   Code   RO         1795    i.HAL_SYSTICK_Config  stm32f4xx_hal_cortex.o
    0x08002a68   0x08002a68   0x00000002   Code   RO         3371    i.HAL_TIMEx_BreakCallback  stm32f4xx_hal_tim_ex.o
    0x08002a6a   0x08002a6a   0x00000002   Code   RO         3372    i.HAL_TIMEx_CommutCallback  stm32f4xx_hal_tim_ex.o
    0x08002a6c   0x08002a6c   0x00000090   Code   RO         3390    i.HAL_TIMEx_MasterConfigSynchronization  stm32f4xx_hal_tim_ex.o
    0x08002afc   0x08002afc   0x0000005a   Code   RO         2667    i.HAL_TIM_Base_Init  stm32f4xx_hal_tim.o
    0x08002b56   0x08002b56   0x00000002   PAD
    0x08002b58   0x08002b58   0x0000003c   Code   RO          478    i.HAL_TIM_Base_MspInit  tim.o
    0x08002b94   0x08002b94   0x00000080   Code   RO         2672    i.HAL_TIM_Base_Start_IT  stm32f4xx_hal_tim.o
    0x08002c14   0x08002c14   0x00000002   Code   RO         2701    i.HAL_TIM_IC_CaptureCallback  stm32f4xx_hal_tim.o
    0x08002c16   0x08002c16   0x00000166   Code   RO         2715    i.HAL_TIM_IRQHandler  stm32f4xx_hal_tim.o
    0x08002d7c   0x08002d7c   0x00000002   Code   RO         2718    i.HAL_TIM_OC_DelayElapsedCallback  stm32f4xx_hal_tim.o
    0x08002d7e   0x08002d7e   0x00000002   Code   RO         2745    i.HAL_TIM_PWM_PulseFinishedCallback  stm32f4xx_hal_tim.o
    0x08002d80   0x08002d80   0x00000028   Code   RO          479    i.HAL_TIM_PeriodElapsedCallback  tim.o
    0x08002da8   0x08002da8   0x00000002   Code   RO         2758    i.HAL_TIM_TriggerCallback  stm32f4xx_hal_tim.o
    0x08002daa   0x08002daa   0x00000062   Code   RO         3667    i.HAL_UART_Init     stm32f4xx_hal_uart.o
    0x08002e0c   0x08002e0c   0x0000006c   Code   RO          527    i.HAL_UART_MspInit  usart.o
    0x08002e78   0x08002e78   0x000000b2   Code   RO         3675    i.HAL_UART_Transmit  stm32f4xx_hal_uart.o
    0x08002f2a   0x08002f2a   0x00000002   Code   RO          578    i.HardFault_Handler  stm32f4xx_it.o
    0x08002f2c   0x08002f2c   0x00000036   Code   RO         4466    i.LCD_Clear         lcd.o
    0x08002f62   0x08002f62   0x00000016   Code   RO         4470    i.LCD_DrawPoint     lcd.o
    0x08002f78   0x08002f78   0x00000190   Code   RO         4475    i.LCD_Init          lcd.o
    0x08003108   0x08003108   0x00000042   Code   RO         4477    i.LCD_SetWindows    lcd.o
    0x0800314a   0x0800314a   0x00000002   PAD
    0x0800314c   0x0800314c   0x000000c0   Code   RO         4478    i.LCD_ShowChar      lcd.o
    0x0800320c   0x0800320c   0x00000040   Code   RO         4479    i.LCD_ShowImage     lcd.o
    0x0800324c   0x0800324c   0x00000054   Code   RO         4481    i.LCD_ShowString    lcd.o
    0x080032a0   0x080032a0   0x0000006c   Code   RO         4485    i.LCD_WR_Reg        lcd.o
    0x0800330c   0x0800330c   0x0000006c   Code   RO         4486    i.LCD_WriteData     lcd.o
    0x08003378   0x08003378   0x00000014   Code   RO         4488    i.LCD_Write_Data    lcd.o
    0x0800338c   0x0800338c   0x0000003a   Code   RO         5345    i.MQTTClientInit    mqttclient.o
    0x080033c6   0x080033c6   0x00000002   PAD
    0x080033c8   0x080033c8   0x00000098   Code   RO         5346    i.MQTTConnect       mqttclient.o
    0x08003460   0x08003460   0x00000048   Code   RO         5550    i.MQTTDeserialize_ack  mqttdeserializepublish.o
    0x080034a8   0x080034a8   0x0000005a   Code   RO         5463    i.MQTTDeserialize_connack  mqttconnectclient.o
    0x08003502   0x08003502   0x0000008c   Code   RO         5551    i.MQTTDeserialize_publish  mqttdeserializepublish.o
    0x0800358e   0x0800358e   0x0000007c   Code   RO         5787    i.MQTTDeserialize_suback  mqttsubscribeclient.o
    0x0800360a   0x0800360a   0x00000036   Code   RO         5637    i.MQTTPacket_decode  mqttpacket.o
    0x08003640   0x08003640   0x00000014   Code   RO         5638    i.MQTTPacket_decodeBuf  mqttpacket.o
    0x08003654   0x08003654   0x0000002a   Code   RO         5639    i.MQTTPacket_encode  mqttpacket.o
    0x0800367e   0x0800367e   0x00000034   Code   RO         5640    i.MQTTPacket_equals  mqttpacket.o
    0x080036b2   0x080036b2   0x00000002   PAD
    0x080036b4   0x080036b4   0x00000028   Code   RO         5641    i.MQTTPacket_len    mqttpacket.o
    0x080036dc   0x080036dc   0x000000b6   Code   RO         5348    i.MQTTPublish       mqttclient.o
    0x08003792   0x08003792   0x00000048   Code   RO         5745    i.MQTTSerialize_ack  mqttserializepublish.o
    0x080037da   0x080037da   0x00000002   PAD
    0x080037dc   0x080037dc   0x00000118   Code   RO         5464    i.MQTTSerialize_connect  mqttconnectclient.o
    0x080038f4   0x080038f4   0x00000076   Code   RO         5465    i.MQTTSerialize_connectLength  mqttconnectclient.o
    0x0800396a   0x0800396a   0x00000006   Code   RO         5467    i.MQTTSerialize_pingreq  mqttconnectclient.o
    0x08003970   0x08003970   0x00000086   Code   RO         5748    i.MQTTSerialize_publish  mqttserializepublish.o
    0x080039f6   0x080039f6   0x0000001e   Code   RO         5749    i.MQTTSerialize_publishLength  mqttserializepublish.o
    0x08003a14   0x08003a14   0x0000008c   Code   RO         5788    i.MQTTSerialize_subscribe  mqttsubscribeclient.o
    0x08003aa0   0x08003aa0   0x0000002e   Code   RO         5789    i.MQTTSerialize_subscribeLength  mqttsubscribeclient.o
    0x08003ace   0x08003ace   0x00000032   Code   RO         5468    i.MQTTSerialize_zero  mqttconnectclient.o
    0x08003b00   0x08003b00   0x000000bc   Code   RO         5350    i.MQTTSubscribe     mqttclient.o
    0x08003bbc   0x08003bbc   0x00000028   Code   RO         5352    i.MQTTYield         mqttclient.o
    0x08003be4   0x08003be4   0x0000000e   Code   RO         5644    i.MQTTstrlen        mqttpacket.o
    0x08003bf2   0x08003bf2   0x00000002   PAD
    0x08003bf4   0x08003bf4   0x00000064   Code   RO          304    i.MX_ADC1_Init      adc.o
    0x08003c58   0x08003c58   0x00000064   Code   RO          305    i.MX_ADC2_Init      adc.o
    0x08003cbc   0x08003cbc   0x00000034   Code   RO          353    i.MX_DCMI_Init      dcmi.o
    0x08003cf0   0x08003cf0   0x0000002c   Code   RO          405    i.MX_DMA_Init       dma.o
    0x08003d1c   0x08003d1c   0x00000070   Code   RO          432    i.MX_FMC_Init       fmc.o
    0x08003d8c   0x08003d8c   0x0000017c   Code   RO          278    i.MX_GPIO_Init      gpio.o
    0x08003f08   0x08003f08   0x00000054   Code   RO          480    i.MX_TIM6_Init      tim.o
    0x08003f5c   0x08003f5c   0x00000038   Code   RO          528    i.MX_USART1_UART_Init  usart.o
    0x08003f94   0x08003f94   0x00000002   Code   RO          579    i.MemManage_Handler  stm32f4xx_it.o
    0x08003f96   0x08003f96   0x00000002   Code   RO          580    i.NMI_Handler       stm32f4xx_it.o
    0x08003f98   0x08003f98   0x0000001c   Code   RO         5269    i.NewNetwork        mqtt_interface.o
    0x08003fb4   0x08003fb4   0x00000002   Code   RO          581    i.PendSV_Handler    stm32f4xx_it.o
    0x08003fb6   0x08003fb6   0x00000002   PAD
    0x08003fb8   0x08003fb8   0x00000028   Code   RO         4641    i.SDA_IN            sgp30.o
    0x08003fe0   0x08003fe0   0x0000002c   Code   RO         4642    i.SDA_OUT           sgp30.o
    0x0800400c   0x0800400c   0x00000044   Code   RO         4643    i.SGP30_IIC_Ack     sgp30.o
    0x08004050   0x08004050   0x00000044   Code   RO         4644    i.SGP30_IIC_NAck    sgp30.o
    0x08004094   0x08004094   0x00000068   Code   RO         4645    i.SGP30_IIC_Read_Byte  sgp30.o
    0x080040fc   0x080040fc   0x00000068   Code   RO         4646    i.SGP30_IIC_Send_Byte  sgp30.o
    0x08004164   0x08004164   0x00000044   Code   RO         4647    i.SGP30_IIC_Start   sgp30.o
    0x080041a8   0x080041a8   0x00000044   Code   RO         4648    i.SGP30_IIC_Stop    sgp30.o
    0x080041ec   0x080041ec   0x0000005c   Code   RO         4649    i.SGP30_IIC_Wait_Ack  sgp30.o
    0x08004248   0x08004248   0x00000008   Code   RO         4650    i.SGP30_Init        sgp30.o
    0x08004250   0x08004250   0x00000042   Code   RO         4651    i.SGP30_Read        sgp30.o
    0x08004292   0x08004292   0x00000036   Code   RO         4652    i.SGP30_Write       sgp30.o
    0x080042c8   0x080042c8   0x00000002   Code   RO          582    i.SVC_Handler       stm32f4xx_it.o
    0x080042ca   0x080042ca   0x00000004   Code   RO          583    i.SysTick_Handler   stm32f4xx_it.o
    0x080042ce   0x080042ce   0x00000002   PAD
    0x080042d0   0x080042d0   0x000000a0   Code   RO           14    i.SystemClock_Config  main.o
    0x08004370   0x08004370   0x00000010   Code   RO         3996    i.SystemInit        system_stm32f4xx.o
    0x08004380   0x08004380   0x0000000c   Code   RO          584    i.TIM6_DAC_IRQHandler  stm32f4xx_it.o
    0x0800438c   0x0800438c   0x000000c8   Code   RO         2760    i.TIM_Base_SetConfig  stm32f4xx_hal_tim.o
    0x08004454   0x08004454   0x00000018   Code   RO         5270    i.TimerCountdown    mqtt_interface.o
    0x0800446c   0x0800446c   0x00000010   Code   RO         5271    i.TimerCountdownMS  mqtt_interface.o
    0x0800447c   0x0800447c   0x00000006   Code   RO         5272    i.TimerInit         mqtt_interface.o
    0x08004482   0x08004482   0x00000002   PAD
    0x08004484   0x08004484   0x00000010   Code   RO         5273    i.TimerIsExpired    mqtt_interface.o
    0x08004494   0x08004494   0x00000014   Code   RO         5274    i.TimerLeftMS       mqtt_interface.o
    0x080044a8   0x080044a8   0x0000010c   Code   RO         3693    i.UART_SetConfig    stm32f4xx_hal_uart.o
    0x080045b4   0x080045b4   0x00000078   Code   RO         3696    i.UART_WaitOnFlagUntilTimeout  stm32f4xx_hal_uart.o
    0x0800462c   0x0800462c   0x00000002   Code   RO          585    i.UsageFault_Handler  stm32f4xx_it.o
    0x0800462e   0x0800462e   0x00000002   PAD
    0x08004630   0x08004630   0x00000028   Code   RO         4912    i.WIZCHIP_READ      w5300.o
    0x08004658   0x08004658   0x00000028   Code   RO         4913    i.WIZCHIP_WRITE     w5300.o
    0x08004680   0x08004680   0x00000020   Code   RO         6095    i.__0printf$8       mc_w.l(printf8.o)
    0x080046a0   0x080046a0   0x00000028   Code   RO         6097    i.__0sprintf$8      mc_w.l(printf8.o)
    0x080046c8   0x080046c8   0x00000020   Code   RO         1797    i.__NVIC_SetPriority  stm32f4xx_hal_cortex.o
    0x080046e8   0x080046e8   0x0000000e   Code   RO         6197    i.__scatterload_copy  mc_w.l(handlers.o)
    0x080046f6   0x080046f6   0x00000002   Code   RO         6198    i.__scatterload_null  mc_w.l(handlers.o)
    0x080046f8   0x080046f8   0x0000000e   Code   RO         6199    i.__scatterload_zeroinit  mc_w.l(handlers.o)
    0x08004706   0x08004706   0x00000002   PAD
    0x08004708   0x08004708   0x00000404   Code   RO         6102    i._printf_core      mc_w.l(printf8.o)
    0x08004b0c   0x08004b0c   0x00000024   Code   RO         6103    i._printf_post_padding  mc_w.l(printf8.o)
    0x08004b30   0x08004b30   0x0000002e   Code   RO         6104    i._printf_pre_padding  mc_w.l(printf8.o)
    0x08004b5e   0x08004b5e   0x0000000a   Code   RO         6106    i._sputc            mc_w.l(printf8.o)
    0x08004b68   0x08004b68   0x00000118   Code   RO         4867    i.aliyun_init       w5300_aliyun.o
    0x08004c80   0x08004c80   0x00000078   Code   RO         4868    i.aliyun_publish    w5300_aliyun.o
    0x08004cf8   0x08004cf8   0x00000054   Code   RO          354    i.atk_mc2640_dcmi_start  dcmi.o
    0x08004d4c   0x08004d4c   0x0000005c   Code   RO         4100    i.atk_mc2640_get_frame  ov2640.o
    0x08004da8   0x08004da8   0x00000108   Code   RO         4101    i.atk_mc2640_init   ov2640.o
    0x08004eb0   0x08004eb0   0x0000001e   Code   RO         4103    i.atk_mc2640_read_reg  ov2640.o
    0x08004ece   0x08004ece   0x0000001c   Code   RO         4104    i.atk_mc2640_reg_bank_select  ov2640.o
    0x08004eea   0x08004eea   0x00000024   Code   RO         4033    i.atk_mc2640_sccb_2_phase_read  ov2640_sccb.o
    0x08004f0e   0x08004f0e   0x00000020   Code   RO         4034    i.atk_mc2640_sccb_2_phase_write  ov2640_sccb.o
    0x08004f2e   0x08004f2e   0x00000028   Code   RO         4035    i.atk_mc2640_sccb_3_phase_write  ov2640_sccb.o
    0x08004f56   0x08004f56   0x00000002   PAD
    0x08004f58   0x08004f58   0x00000068   Code   RO         4036    i.atk_mc2640_sccb_init  ov2640_sccb.o
    0x08004fc0   0x08004fc0   0x000000c0   Code   RO         4037    i.atk_mc2640_sccb_read_byte  ov2640_sccb.o
    0x08005080   0x08005080   0x00000040   Code   RO         4038    i.atk_mc2640_sccb_start  ov2640_sccb.o
    0x080050c0   0x080050c0   0x0000003c   Code   RO         4039    i.atk_mc2640_sccb_stop  ov2640_sccb.o
    0x080050fc   0x080050fc   0x0000007c   Code   RO         4040    i.atk_mc2640_sccb_write_byte  ov2640_sccb.o
    0x08005178   0x08005178   0x000000ce   Code   RO         4105    i.atk_mc2640_set_brightness  ov2640.o
    0x08005246   0x08005246   0x000000f0   Code   RO         4106    i.atk_mc2640_set_color_saturation  ov2640.o
    0x08005336   0x08005336   0x00000120   Code   RO         4107    i.atk_mc2640_set_contrast  ov2640.o
    0x08005456   0x08005456   0x000000b2   Code   RO         4110    i.atk_mc2640_set_light_mode  ov2640.o
    0x08005508   0x08005508   0x00000064   Code   RO         4111    i.atk_mc2640_set_output_format  ov2640.o
    0x0800556c   0x0800556c   0x0000005c   Code   RO         4112    i.atk_mc2640_set_output_size  ov2640.o
    0x080055c8   0x080055c8   0x00000122   Code   RO         4115    i.atk_mc2640_set_special_effect  ov2640.o
    0x080056ea   0x080056ea   0x0000000a   Code   RO         4116    i.atk_mc2640_write_reg  ov2640.o
    0x080056f4   0x080056f4   0x00000030   Code   RO         4793    i.bubble_sort       utilities.o
    0x08005724   0x08005724   0x00000024   Code   RO         5645    i.bufchar           mqttpacket.o
    0x08005748   0x08005748   0x000000f8   Code   RO         4984    i.close             socket.o
    0x08005840   0x08005840   0x0000011c   Code   RO         4985    i.connect           socket.o
    0x0800595c   0x0800595c   0x000000fe   Code   RO         5353    i.cycle             mqttclient.o
    0x08005a5a   0x08005a5a   0x00000002   PAD
    0x08005a5c   0x08005a5c   0x00000014   Code   RO         4238    i.delay_init        delay.o
    0x08005a70   0x08005a70   0x0000003c   Code   RO         4239    i.delay_ms          delay.o
    0x08005aac   0x08005aac   0x00000034   Code   RO         4240    i.delay_us          delay.o
    0x08005ae0   0x08005ae0   0x000000ae   Code   RO         5354    i.deliverMessage    mqttclient.o
    0x08005b8e   0x08005b8e   0x00000002   PAD
    0x08005b90   0x08005b90   0x00000054   Code   RO         4817    i.dht11_check       dht11.o
    0x08005be4   0x08005be4   0x0000000e   Code   RO         4818    i.dht11_init        dht11.o
    0x08005bf2   0x08005bf2   0x00000002   PAD
    0x08005bf4   0x08005bf4   0x00000058   Code   RO         4819    i.dht11_read_bit    dht11.o
    0x08005c4c   0x08005c4c   0x0000001a   Code   RO         4820    i.dht11_read_byte   dht11.o
    0x08005c66   0x08005c66   0x00000050   Code   RO         4821    i.dht11_read_data   dht11.o
    0x08005cb6   0x08005cb6   0x00000002   PAD
    0x08005cb8   0x08005cb8   0x0000002c   Code   RO         4822    i.dht11_reset       dht11.o
    0x08005ce4   0x08005ce4   0x00000094   Code   RO         4987    i.disconnect        socket.o
    0x08005d78   0x08005d78   0x00000014   Code   RO         4869    i.do_aliyun_run     w5300_aliyun.o
    0x08005d8c   0x08005d8c   0x00000050   Code   RO         4416    i.eth_video_init    eth_video.o
    0x08005ddc   0x08005ddc   0x00000088   Code   RO         4417    i.eth_video_run     eth_video.o
    0x08005e64   0x08005e64   0x00000018   Code   RO          529    i.fputc             usart.o
    0x08005e7c   0x08005e7c   0x00000016   Code   RO         5355    i.getNextPacketId   mqttclient.o
    0x08005e92   0x08005e92   0x00000022   Code   RO         4914    i.getRMSR           w5300.o
    0x08005eb4   0x08005eb4   0x00000044   Code   RO         4915    i.getSn_RX_RSR      w5300.o
    0x08005ef8   0x08005ef8   0x00000034   Code   RO         4916    i.getSn_TX_FSR      w5300.o
    0x08005f2c   0x08005f2c   0x00000022   Code   RO         4917    i.getTMSR           w5300.o
    0x08005f4e   0x08005f4e   0x00000002   PAD
    0x08005f50   0x08005f50   0x00000020   Code   RO         4730    i.get_adc1          gp2y10.o
    0x08005f70   0x08005f70   0x00000020   Code   RO         4763    i.get_adc2          light_check.o
    0x08005f90   0x08005f90   0x00000204   Code   RO         4731    i.get_gp2y10_value  gp2y10.o
    0x08006194   0x08006194   0x00000074   Code   RO         4764    i.get_light_value   light_check.o
    0x08006208   0x08006208   0x0000002c   Code   RO         4418    i.get_video_rgb565  eth_video.o
    0x08006234   0x08006234   0x00000050   Code   RO         5356    i.keepalive         mqttclient.o
    0x08006284   0x08006284   0x00000364   Code   RO           15    i.main              main.o
    0x080065e8   0x080065e8   0x0000001c   Code   RO           16    i.main_timer        main.o
    0x08006604   0x08006604   0x0000001c   Code   RO         4870    i.messageArrived    w5300_aliyun.o
    0x08006620   0x08006620   0x0000002c   Code   RO         4278    i.my_mem_init       malloc.o
    0x0800664c   0x0800664c   0x00000088   Code   RO         4279    i.my_mem_malloc     malloc.o
    0x080066d4   0x080066d4   0x0000003c   Code   RO         4280    i.my_mem_perused    malloc.o
    0x08006710   0x08006710   0x0000000e   Code   RO         4281    i.my_mem_set        malloc.o
    0x0800671e   0x0800671e   0x00000002   PAD
    0x08006720   0x08006720   0x00000020   Code   RO         4283    i.mymalloc          malloc.o
    0x08006740   0x08006740   0x0000000c   Code   RO         5647    i.readChar          mqttpacket.o
    0x0800674c   0x0800674c   0x00000012   Code   RO         5648    i.readInt           mqttpacket.o
    0x0800675e   0x0800675e   0x00000034   Code   RO         5649    i.readMQTTLenString  mqttpacket.o
    0x08006792   0x08006792   0x000000a0   Code   RO         5357    i.readPacket        mqttclient.o
    0x08006832   0x08006832   0x00000002   PAD
    0x08006834   0x08006834   0x000001b4   Code   RO         4990    i.recv              socket.o
    0x080069e8   0x080069e8   0x0000002c   Code   RO         5078    i.reg_wizchip_bus_cbfunc  wizchip_conf.o
    0x08006a14   0x08006a14   0x00000138   Code   RO         4992    i.send              socket.o
    0x08006b4c   0x08006b4c   0x00000054   Code   RO         5358    i.sendPacket        mqttclient.o
    0x08006ba0   0x08006ba0   0x00000270   Code   RO         4993    i.sendto            socket.o
    0x08006e10   0x08006e10   0x00000032   Code   RO         4918    i.setRMSR           w5300.o
    0x08006e42   0x08006e42   0x00000032   Code   RO         4919    i.setTMSR           w5300.o
    0x08006e74   0x08006e74   0x00000144   Code   RO         4995    i.socket            socket.o
    0x08006fb8   0x08006fb8   0x00000004   Code   RO         4359    i.w5300_bus_rb_cbfunc  w5300_config.o
    0x08006fbc   0x08006fbc   0x00000004   Code   RO         4360    i.w5300_bus_wb_cbfunc  w5300_config.o
    0x08006fc0   0x08006fc0   0x0000019c   Code   RO         4361    i.w5300_init        w5300_config.o
    0x0800715c   0x0800715c   0x00000006   Code   RO         5275    i.w5x00_disconnect  mqtt_interface.o
    0x08007162   0x08007162   0x00000002   PAD
    0x08007164   0x08007164   0x00000038   Code   RO         5276    i.w5x00_read        mqtt_interface.o
    0x0800719c   0x0800719c   0x00000030   Code   RO         5277    i.w5x00_write       mqtt_interface.o
    0x080071cc   0x080071cc   0x0000002a   Code   RO         5359    i.waitfor           mqttclient.o
    0x080071f6   0x080071f6   0x00000002   PAD
    0x080071f8   0x080071f8   0x00000048   Code   RO         4920    i.wiz_recv_data     w5300.o
    0x08007240   0x08007240   0x00000030   Code   RO         4922    i.wiz_send_data     w5300.o
    0x08007270   0x08007270   0x00000004   Code   RO         5083    i.wizchip_bus_readdata  wizchip_conf.o
    0x08007274   0x08007274   0x00000004   Code   RO         5084    i.wizchip_bus_writedata  wizchip_conf.o
    0x08007278   0x08007278   0x00000002   Code   RO         5086    i.wizchip_cris_enter  wizchip_conf.o
    0x0800727a   0x0800727a   0x00000002   Code   RO         5087    i.wizchip_cris_exit  wizchip_conf.o
    0x0800727c   0x0800727c   0x00000002   Code   RO         5088    i.wizchip_cs_deselect  wizchip_conf.o
    0x0800727e   0x0800727e   0x00000002   Code   RO         5089    i.wizchip_cs_select  wizchip_conf.o
    0x08007280   0x08007280   0x000000dc   Code   RO         5092    i.wizchip_getnetinfo  wizchip_conf.o
    0x0800735c   0x0800735c   0x0000007c   Code   RO         5095    i.wizchip_init      wizchip_conf.o
    0x080073d8   0x080073d8   0x000000c8   Code   RO         5097    i.wizchip_setnetinfo  wizchip_conf.o
    0x080074a0   0x080074a0   0x00000174   Code   RO         5104    i.wizchip_sw_reset  wizchip_conf.o
    0x08007614   0x08007614   0x00000028   Code   RO         5650    i.writeCString      mqttpacket.o
    0x0800763c   0x0800763c   0x0000000c   Code   RO         5651    i.writeChar         mqttpacket.o
    0x08007648   0x08007648   0x0000001e   Code   RO         5652    i.writeInt          mqttpacket.o
    0x08007666   0x08007666   0x00000036   Code   RO         5653    i.writeMQTTString   mqttpacket.o
    0x0800769c   0x0800769c   0x00000008   Data   RO         1496    .constdata          stm32f4xx_hal_dma.o
    0x080076a4   0x080076a4   0x00000010   Data   RO         3997    .constdata          system_stm32f4xx.o
    0x080076b4   0x080076b4   0x00000008   Data   RO         3998    .constdata          system_stm32f4xx.o
    0x080076bc   0x080076bc   0x0000019e   Data   RO         4117    .constdata          ov2640.o
    0x0800785a   0x0800785a   0x00000002   PAD
    0x0800785c   0x0800785c   0x00000024   Data   RO         4291    .constdata          malloc.o
    0x08007880   0x08007880   0x00000017   Data   RO         4363    .constdata          w5300_config.o
    0x08007897   0x08007897   0x000017c0   Data   RO         4490    .constdata          lcd.o
    0x08009057   0x08009057   0x00000001   PAD
    0x08009058   0x08009058   0x00000058   Data   RO         5360    .constdata          mqttclient.o
    0x080090b0   0x080090b0   0x000000ab   Data   RO           17    .conststring        main.o
    0x0800915b   0x0800915b   0x00000001   PAD
    0x0800915c   0x0800915c   0x00000092   Data   RO         4872    .conststring        w5300_aliyun.o
    0x080091ee   0x080091ee   0x00000002   PAD
    0x080091f0   0x080091f0   0x00000020   Data   RO         6195    Region$$Table       anon$$obj.o


    Execution Region RW_IRAM2 (Exec base: 0x10000000, Load base: 0x0800932c, Size: 0x0000ff00, Max: 0x00010000, ABSOLUTE)

    Exec Addr    Load Addr    Size         Type   Attr      Idx    E Section Name        Object

    0x10000000        -       0x0000f000   Zero   RW         4285    .ARM.__AT_0x10000000  malloc.o
    0x1000f000        -       0x00000f00   Zero   RW         4286    .ARM.__AT_0x1000F000  malloc.o


    Execution Region RW_IRAM1 (Exec base: 0x20000000, Load base: 0x08009210, Size: 0x00016bd0, Max: 0x00030000, ABSOLUTE)

    Exec Addr    Load Addr    Size         Type   Attr      Idx    E Section Name        Object

    0x20000000   0x08009210   0x00000003   Data   RW           18    .data               main.o
    0x20000003   0x08009213   0x00000001   Data   RW          356    .data               dcmi.o
    0x20000004   0x08009214   0x00000008   Data   RW          434    .data               fmc.o
    0x2000000c   0x0800921c   0x00000004   Data   RW          482    .data               tim.o
    0x20000010   0x08009220   0x0000000c   Data   RW         1943    .data               stm32f4xx_hal.o
    0x2000001c   0x0800922c   0x00000004   Data   RW         3999    .data               system_stm32f4xx.o
    0x20000020   0x08009230   0x00000004   Data   RW         4119    .data               ov2640.o
    0x20000024   0x08009234   0x00000004   Data   RW         4241    .data               delay.o
    0x20000028   0x08009238   0x00000024   Data   RW         4292    .data               malloc.o
    0x2000004c   0x0800925c   0x00000018   Data   RW         4419    .data               eth_video.o
    0x20000064   0x08009274   0x00000004   Data   RW         4491    .data               lcd.o
    0x20000068   0x08009278   0x0000005c   Data   RW         4873    .data               w5300_aliyun.o
    0x200000c4   0x080092d4   0x00000016   Data   RW         4997    .data               socket.o
    0x200000da   0x080092ea   0x00000002   PAD
    0x200000dc   0x080092ec   0x00000034   Data   RW         5107    .data               wizchip_conf.o
    0x20000110   0x08009320   0x00000004   Data   RW         5278    .data               mqtt_interface.o
    0x20000114   0x08009324   0x00000004   Data   RW         5654    .data               mqttpacket.o
    0x20000118   0x08009328   0x00000004   Data   RW         6175    .data               mc_w.l(stdout.o)
    0x2000011c        -       0x00000090   Zero   RW          306    .bss                adc.o
    0x200001ac        -       0x000000a0   Zero   RW          355    .bss                dcmi.o
    0x2000024c        -       0x00000050   Zero   RW          433    .bss                fmc.o
    0x2000029c        -       0x00000048   Zero   RW          481    .bss                tim.o
    0x200002e4        -       0x00000044   Zero   RW          530    .bss                usart.o
    0x20000328   0x0800932c   0x00000018   PAD
    0x20000340        -       0x00014000   Zero   RW         4289    .bss                malloc.o
    0x20014340        -       0x00001400   Zero   RW         4290    .bss                malloc.o
    0x20015740        -       0x0000000e   Zero   RW         4489    .bss                lcd.o
    0x2001574e   0x0800932c   0x00000002   PAD
    0x20015750        -       0x0000106c   Zero   RW         4871    .bss                w5300_aliyun.o
    0x200167bc        -       0x00000010   Zero   RW         4996    .bss                socket.o
    0x200167cc   0x0800932c   0x00000004   PAD
    0x200167d0        -       0x00000400   Zero   RW            1    STACK               startup_stm32f429xx.o



  Load Region LR$$.ARM.__AT_0xC01F4000 (Base: 0xc01f4000, Size: 0x00000000, Max: 0x01c3c000, ABSOLUTE)

    Execution Region ER$$.ARM.__AT_0xC01F4000 (Exec base: 0xc01f4000, Load base: 0xc01f4000, Size: 0x01c3c000, Max: 0x01c3c000, ABSOLUTE, UNINIT)

    Exec Addr    Load Addr    Size         Type   Attr      Idx    E Section Name        Object

    0xc01f4000        -       0x01c3c000   Zero   RW         4287    .ARM.__AT_0xC01F4000  malloc.o



  Load Region LR$$.ARM.__AT_0xC1E30000 (Base: 0xc1e30000, Size: 0x00000000, Max: 0x001c3c00, ABSOLUTE)

    Execution Region ER$$.ARM.__AT_0xC1E30000 (Exec base: 0xc1e30000, Load base: 0xc1e30000, Size: 0x001c3c00, Max: 0x001c3c00, ABSOLUTE, UNINIT)

    Exec Addr    Load Addr    Size         Type   Attr      Idx    E Section Name        Object

    0xc1e30000        -       0x001c3c00   Zero   RW         4288    .ARM.__AT_0xC1E30000  malloc.o


==============================================================================

Image component sizes


      Code (inc. data)   RO Data    RW Data    ZI Data      Debug   Object Name

       344         42          0          0        144       2578   adc.o
       496         58          0          1        160       3560   dcmi.o
       132         14          0          4          0       2147   delay.o
       336         14          0          0          0       4176   dht11.o
        44          4          0          0          0        842   dma.o
       260         20          0         24          0       2899   eth_video.o
       280         32          0          8         80       2386   fmc.o
       548        104          0          0          0       2022   gp2y10.o
       380         24          0          0          0       1283   gpio.o
      1200         44       6080          4         14      11584   lcd.o
       148         16          0          0          0       1769   light_check.o
      1060        206        171          3          0     801672   main.o
       286         30         36         36   31608576       5457   malloc.o
       268         40          0          4          0       8484   mqtt_interface.o
      1436         18         88          0          0      16988   mqttclient.o
       544         18          0          0          0       7869   mqttconnectclient.o
       212          0          0          0          0       2780   mqttdeserializepublish.o
       476         22          0          4          0      11780   mqttpacket.o
       236          0          0          0          0       3762   mqttserializepublish.o
       310          0          0          0          0       3959   mqttsubscribeclient.o
      1818         70        414          4          0      16469   ov2640.o
       652         28          0          0          0       6154   ov2640_sccb.o
       784         40          0          0          0       7426   sgp30.o
      2376         82          0         22         16       8779   socket.o
        36          8        428          0       1024        868   startup_stm32f429xx.o
       180         28          0         12          0       9825   stm32f4xx_hal.o
      1164         58          0          0          0       5510   stm32f4xx_hal_adc.o
       222         14          0          0          0      34809   stm32f4xx_hal_cortex.o
       612         20          0          0          0       6239   stm32f4xx_hal_dcmi.o
       134          0          0          0          0       1180   stm32f4xx_hal_dcmi_ex.o
      1084         16          8          0          0       7646   stm32f4xx_hal_dma.o
      2476         18          0          0          0       3525   stm32f4xx_hal_dma_ex.o
       584         54          0          0          0       2995   stm32f4xx_hal_gpio.o
        48          6          0          0          0        922   stm32f4xx_hal_msp.o
       112         14          0          0          0       1352   stm32f4xx_hal_pwr_ex.o
      1348         76          0          0          0       5432   stm32f4xx_hal_rcc.o
        92          0          0          0          0       1284   stm32f4xx_hal_sram.o
       784         72          0          0          0       7109   stm32f4xx_hal_tim.o
       148         28          0          0          0       2585   stm32f4xx_hal_tim_ex.o
       664         10          0          0          0       4364   stm32f4xx_hal_uart.o
        56         18          0          0          0       5984   stm32f4xx_it.o
       288         14          0          0          0       4412   stm32f4xx_ll_fmc.o
        16          4         24          4          0       1223   system_stm32f4xx.o
       184         28          0          4         72       2341   tim.o
       188         26          0          0         68       2442   usart.o
        48          0          0          0          0        726   utilities.o
       488         36          0          0          0       7863   w5300.o
       448        232        146         92       4204       5256   w5300_aliyun.o
       420        154         23          0          0       3273   w5300_config.o
       976         34          0         52          0      11695   wizchip_conf.o

    ----------------------------------------------------------------------
     27480       1894       7456        280   31614388    1077685   Object Totals
         0          0         32          0          0          0   (incl. Generated)
        54          0          6          2         30          0   (incl. Padding)

    ----------------------------------------------------------------------

      Code (inc. data)   RO Data    RW Data    ZI Data      Debug   Library Member Name

         0          0          0          0          0          0   entry.o
         0          0          0          0          0          0   entry10a.o
         0          0          0          0          0          0   entry11a.o
         4          0          0          0          0          0   entry12b.o
         8          4          0          0          0          0   entry2.o
         4          0          0          0          0          0   entry5.o
         0          0          0          0          0          0   entry7b.o
         0          0          0          0          0          0   entry8b.o
         8          4          0          0          0          0   entry9a.o
        30          0          0          0          0          0   handlers.o
        36          8          0          0          0         68   init.o
         0          0          0          0          0          0   iusefp.o
        30          0          0          0          0         68   llshl.o
        36          0          0          0          0         68   llsshr.o
        32          0          0          0          0         68   llushr.o
        36          0          0          0          0         68   memcpya.o
        36          0          0          0          0        108   memseta.o
      1192         60          0          0          0        504   printf8.o
         0          0          0          4          0          0   stdout.o
        14          0          0          0          0         68   strlen.o
        30          0          0          0          0         80   strncmp.o
        98          0          0          0          0         92   uldiv.o
       334          0          0          0          0        148   dadd.o
       186          0          0          0          0        176   depilogue.o
        50          0          0          0          0         76   dfixui.o
        34          0          0          0          0         76   dflti.o
        26          0          0          0          0         76   dfltui.o
       228          0          0          0          0         96   dmul.o

    ----------------------------------------------------------------------
      2456         76          0          4          0       1840   Library Totals
         4          0          0          0          0          0   (incl. Padding)

    ----------------------------------------------------------------------

      Code (inc. data)   RO Data    RW Data    ZI Data      Debug   Library Name

      1594         76          0          4          0       1192   mc_w.l
       858          0          0          0          0        648   mf_w.l

    ----------------------------------------------------------------------
      2456         76          0          4          0       1840   Library Totals

    ----------------------------------------------------------------------

==============================================================================


      Code (inc. data)   RO Data    RW Data    ZI Data      Debug   

     29936       1970       7456        284   31614388    1054593   Grand Totals
     29936       1970       7456        284   31614388    1054593   ELF Image Totals
     29936       1970       7456        284          0          0   ROM Totals

==============================================================================

    Total RO  Size (Code + RO Data)                37392 (  36.52kB)
    Total RW  Size (RW Data + ZI Data)          31614672 (30873.70kB)
    Total ROM Size (Code + RO Data + RW Data)      37676 (  36.79kB)

==============================================================================

